<html>
<body>
<pre>
<h1>µVision Build Log</h1>
<h2>Project:</h2>
C:\Users\Administrator\Desktop\robot\USER\Template.uvproj
Project File Date:  07/08/2017

<h2>Output:</h2>
Build target 'Template'
compiling control.c...
linking...
Program Size: Code=78340 RO-data=7012 RW-data=108 ZI-data=2316  
FromELF: creating hex file...
"..\OBJ\Template.axf" - 0 Error(s), 0 Warning(s).
</pre>
</body>
</html>
ile to "C:\Users\Administrator\Desktop\robot\USER\JLinkSettings.ini"
* JLink Info: Device "STM32F407ZG" selected (1024 KB flash, 128 KB RAM).
 
JLink info:
------------
DLL: V4.80g, compiled Feb 13 2014 20:50:02
Firmware: J-Link ARM V8 compiled Nov 28 2014 13:44:46
Hardware: V8.00
S/N : 286370559 
Feature(s) : RDI,FlashDL,FlashBP,JFlash 
 
* JLink Info: TotalIRLen = 9, IRPrint = 0x0011
* JLink Info: TotalIRLen = 9, IRPrint = 0x0011
* JLink Info: Found Cortex-M4 r0p1, Little endian.
* JLink Info: FPUnit: 6 code (BP) slots and 2 literal slots
* JLink Info: TPIU fitted.
* JLink Info: ETM fitted.
ROMTableAddr = 0xE00FF003
 
Target info:
------------
Device: STM32F407ZG
VTarget = 3.228V
State of Pins: 
TCK: 1, TDI: 0, TDO: 1, TMS: 0, TRES: 1, TRST: 1
Hardware-Breakpoints: 6
Software-Breakpoints: 8192
Watchpoints:          4
JTAG speed: 4800 kHz
 
Erase Done.
Programming Done.
Verify OK.
Application running ...
Load "..\\OBJ\\Template.axf" 
Set JLink Project File to "C:\Users\Administrator\Desktop\robot\USER\JLinkSettings.ini"
* JLink Info: Device "STM32F407ZG" selected (1024 KB flash, 128 KB RAM).
 
JLink info:
------------
DLL: V4.80g, compiled Feb 13 2014 20:50:02
Firmware: J-Link ARM V8 compiled Nov 28 2014 13:44:46
Hardware: V8.00
S/N : 286370559 
Feature(s) : RDI,FlashDL,FlashBP,JFlash 
 
* JLink Info: TotalIRLen = 9, IRPrint = 0x0011
* JLink Info: TotalIRLen = 9, IRPrint = 0x0011
* JLink Info: Found Cortex-M4 r0p1, Little endian.
* JLink Info: FPUnit: 6 code (BP) slots and 2 literal slots
* JLink Info: TPIU fitted.
* JLink Info: ETM fitted.
ROMTableAddr = 0xE00FF003
 
Target info:
------------
Device: STM32F407ZG
VTarget = 3.254V
State of Pins: 
TCK: 1, TDI: 0, TDO: 1, TMS: 0, TRES: 1, TRST: 1
Hardware-Breakpoints: 6
Software-Breakpoints: 8192
Watchpoints:          4
JTAG speed: 4800 kHz
 
Erase Done.
Programming Done.
Contents mismatch at: 08000400H  (Flash=FFH  Required=10H) !
Contents mismatch at: 08000401H  (Flash=FFH  Required=20H) !
Contents mismatch at: 08000402H  (Flash=FFH  Required=04H) !
Contents mismatch at: 08000403H  (Flash=FFH  Required=23H) !
Contents mismatch at: 08000404H  (Flash=FFH  Required=22H) !
Contents mismatch at: 08000405H  (Flash=FFH  Required=46H) !
Contents mismatch at: 08000406H  (Flash=FFH  Required=4FH) !
Contents mismatch at: 08000407H  (Flash=FFH  Required=F4H) !
Contents mismatch at: 08000408H  (Flash=FFH  Required=AAH) !
Contents mismatch at: 08000409H  (Flash=FFH  Required=71H) !
Contents mismatch at: 0800040AH  (Flash=FFH  Required=00H) !
Contents mismatch at: 0800040BH  (Flash=FFH  Required=90H) !
Contents mismatch at: 0800040CH  (Flash=FFH  Required=4FH) !
Contents mismatch at: 0800040DH  (Flash=FFH  Required=F4H) !
Contents mismatch at: 0800040EH  (Flash=FFH  Required=94H) !
Contents mismatch at: 0800040FH  (Flash=FFH  Required=70H) !
Contents mismatch at: 08000410H  (Flash=FFH  Required=08H) !
Contents mismatch at: 08000411H  (Flash=FFH  Required=F0H) !
Contents mismatch at: 08000412H  (Flash=FFH  Required=95H) !
Contents mismatch at: 08000413H  (Flash=FFH  Required=F8H) !
Contents mismatch at: 08000414H  (Flash=FFH  Required=B8H) !
Contents mismatch at: 08000415H  (Flash=FFH  Required=F1H) !
Contents mismatch at: 08000416H  (Flash=FFH  Required=00H) !
Contents mismatch at: 08000417H  (Flash=FFH  Required=0FH) !
Contents mismatch at: 08000418H  (Flash=FFH  Required=00H) !
Contents mismatch at: 08000419H  (Flash=FFH  Required=D0H) !
Contents mismatch at: 0800041AH  (Flash=FFH  Required=00H) !
Contents mismatch at: 0800041BH  (Flash=FFH  Required=E0H) !
Contents mismatch at: 0800041CH  (Flash=FFH  Required=ABH) !
Contents mismatch at: 0800041DH  (Flash=FFH  Required=E7H) !
Contents mismatch at: 0800041EH  (Flash=FFH  Required=00H) !
Contents mismatch at: 0800041FH  (Flash=FFH  Required=BFH) !
Contents mismatch at: 08000420H  (Flash=FFH  Required=00H) !
Contents mismatch at: 08000421H  (Flash=FFH  Required=27H) !
Contents mismatch at: 08000422H  (Flash=FFH  Required=05H) !
Contents mismatch at: 08000423H  (Flash=FFH  Required=E0H) !
Contents mismatch at: 08000424H  (Flash=FFH  Required=4FH) !
Contents mismatch at: 08000425H  (Flash=FFH  Required=F4H) !
Contents mismatch at: 08000426H  (Flash=FFH  Required=7AH) !
Contents mismatch at: 08000427H  (Flash=FFH  Required=60H) !
Contents mismatch at: 08000428H  (Flash=FFH  Required=02H) !
Contents mismatch at: 08000429H  (Flash=FFH  Required=F0H) !
Contents mismatch at: 0800042AH  (Flash=FFH  Required=A2H) !
Contents mismatch at: 0800042CH  (Flash=FFH  Required=78H) !
Contents mismatch at: 0800042DH  (Flash=FFH  Required=1CH) !
Contents mismatch at: 0800042EH  (Flash=FFH  Required=07H) !
Contents mismatch at: 0800042FH  (Flash=FFH  Required=B2H) !
Contents mismatch at: 08000430H  (Flash=FFH  Required=14H) !
Contents mismatch at: 08000431H  (Flash=FFH  Required=2FH) !
Contents mismatch at: 08000432H  (Flash=FFH  Required=F7H) !
Contents mismatch at: 08000433H  (Flash=FFH  Required=DBH) !
Contents mismatch at: 08000434H  (Flash=FFH  Required=09H) !
Contents mismatch at: 08000435H  (Flash=FFH  Required=F0H) !
Contents mismatch at: 08000436H  (Flash=FFH  Required=A8H) !
Contents mismatch at: 08000437H  (Flash=FFH  Required=FDH) !
Contents mismatch at: 08000438H  (Flash=FFH  Required=0AH) !
Contents mismatch at: 08000439H  (Flash=FFH  Required=2DH) !
Contents mismatch at: 0800043AH  (Flash=FFH  Required=7DH) !
Contents mismatch at: 0800043BH  (Flash=FFH  Required=D2H) !
Contents mismatch at: 0800043CH  (Flash=FFH  Required=DFH) !
Contents mismatch at: 0800043DH  (Flash=FFH  Required=E8H) !
Contents mismatch at: 0800043EH  (Flash=FFH  Required=05H) !
Contents mismatch at: 0800043FH  (Flash=FFH  Required=F0H) !
Contents mismatch at: 08000440H  (Flash=FFH  Required=05H) !
Contents mismatch at: 08000441H  (Flash=FFH  Required=BEH) !
Contents mismatch at: 08000442H  (Flash=FFH  Required=FAH) !
Contents mismatch at: 08000443H  (Flash=FFH  Required=F9H) !
Contents mismatch at: 08000444H  (Flash=FFH  Required=F8H) !
Contents mismatch at: 08000445H  (Flash=FFH  Required=F7H) !
Contents mismatch at: 08000446H  (Flash=FFH  Required=F6H) !
Contents mismatch at: 08000447H  (Flash=FFH  Required=F5H) !
Contents mismatch at: 08000448H  (Flash=FFH  Required=F4H) !
Contents mismatch at: 08000449H  (Flash=FFH  Required=F3H) !
Contents mismatch at: 0800044AH  (Flash=FFH  Required=0AH) !
Contents mismatch at: 0800044BH  (Flash=FFH  Required=2CH) !
Contents mismatch at: 0800044CH  (Flash=FFH  Required=0AH) !
Contents mismatch at: 0800044DH  (Flash=FFH  Required=D2H) !
Contents mismatch at: 0800044EH  (Flash=FFH  Required=DFH) !
Contents mismatch at: 0800044FH  (Flash=FFH  Required=E8H) !
Contents mismatch at: 08000450H  (Flash=FFH  Required=04H) !
Contents mismatch at: 08000451H  (Flash=FFH  Required=F0H) !
Contents mismatch at: 08000452H  (Flash=FFH  Required=05H) !
Contents mismatch at: 08000453H  (Flash=FFH  Required=0AH) !
Contents mismatch at: 08000454H  (Flash=FFH  Required=15H) !
Contents mismatch at: 08000455H  (Flash=FFH  Required=20H) !
Contents mismatch at: 08000456H  (Flash=FFH  Required=2BH) !
Contents mismatch at: 08000457H  (Flash=FFH  Required=9DH) !
Contents mismatch at: 08000458H  (Flash=FFH  Required=A1H) !
Contents mismatch at: 08000459H  (Flash=FFH  Required=A4H) !
Contents mismatch at: 0800045AH  (Flash=FFH  Required=ADH) !
Contents mismatch at: 0800045BH  (Flash=FFH  Required=B0H) !
Contents mismatch at: 0800045CH  (Flash=FFH  Required=B3H) !
Contents mismatch at: 0800045DH  (Flash=FFH  Required=EEH) !
Contents mismatch at: 0800045EH  (Flash=FFH  Required=0EH) !
Contents mismatch at: 0800045FH  (Flash=FFH  Required=0AH) !
Contents mismatch at: 08000460H  (Flash=FFH  Required=0AH) !
Contents mismatch at: 08000461H  (Flash=FFH  Required=F0H) !
Contents mismatch at: 08000462H  (Flash=FFH  Required=E5H) !
Contents mismatch at: 08000463H  (Flash=FFH  Required=FCH) !
Contents mismatch at: 08000464H  (Flash=FFH  Required=A8H) !
Too many errors to display !
Error: Flash Download failed  -  "Cortex-M4"
Load "..\\OBJ\\Template.axf" 
Set JLink Project File to "C:\Users\Administrator\Desktop\robot\USER\JLinkSettings.ini"
* JLink Info: Device "STM32F407ZG" selected (1024 KB flash, 128 KB RAM).
 
JLink info:
------------
DLL: V4.80g, compiled Feb 13 2014 20:50:02
Firmware: J-Link ARM V8 compiled Nov 28 2014 13:44:46
Hardware: V8.00
S/N : 286370559 
Feature(s) : RDI,FlashDL,FlashBP,JFlash 
 
* JLink Info: TotalIRLen = 9, IRPrint = 0x0011
* JLink Info: TotalIRLen = 9, IRPrint = 0x0011
* JLink Info: Found Cortex-M4 r0p1, Little endian.
* JLink Info: FPUnit: 6 code (BP) slots and 2 literal slots
* JLink Info: TPIU fitted.
* JLink Info: ETM fitted.
ROMTableAddr = 0xE00FF003
 
Target info:
------------
Device: STM32F407ZG
VTarget = 3.228V
State of Pins: 
TCK: 1, TDI: 0, TDO: 1, TMS: 0, TRES: 1, TRST: 1
Hardware-Breakpoints: 6
Software-Breakpoints: 8192
Watchpoints:          4
JTAG speed: 4800 kHz
 
Erase Done.
Programming Done.
Verify OK.
Application running ...
