Product: MDK-ARM Professional 5.10
Component: ARM Compiler 5.04 update 1 (build 49)
Tool: armlink [5040049]

==============================================================================

Section Cross References

    main.o(.text) refers to misc.o(.text) for NVIC_PriorityGroupConfig
    main.o(.text) refers to delay.o(.text) for delay_init
    main.o(.text) refers to usart.o(.text) for uart_init
    main.o(.text) refers to pwm.o(.text) for initall_PWM
    main.o(.text) refers to led.o(.text) for LED_Init
    main.o(.text) refers to lcd.o(.text) for LCD_Init
    main.o(.text) refers to hctl2020.o(.text) for hctl2020_init
    main.o(.text) refers to remote.o(.text) for Remote_Init
    main.o(.text) refers to control.o(.text) for charge_init
    main.o(.text) refers to beep.o(.text) for BEEP_Init
    main.o(.text) refers to stm32f4xx_tim.o(.text) for TIM_SetCompare2
    main.o(.text) refers to timer.o(.text) for TIM2_Int_Init
    main.o(.text) refers to stm32f4xx_gpio.o(.text) for GPIO_SetBits
    main.o(.text) refers to control.o(.bss) for robot_zqd
    system_stm32f4xx.o(.text) refers to system_stm32f4xx.o(.data) for SystemCoreClock
    startup_stm32f40_41xxx.o(STACK) refers (Special) to heapauxi.o(.text) for __use_two_region_memory
    startup_stm32f40_41xxx.o(HEAP) refers (Special) to heapauxi.o(.text) for __use_two_region_memory
    startup_stm32f40_41xxx.o(RESET) refers (Special) to heapauxi.o(.text) for __use_two_region_memory
    startup_stm32f40_41xxx.o(RESET) refers to startup_stm32f40_41xxx.o(STACK) for __initial_sp
    startup_stm32f40_41xxx.o(RESET) refers to startup_stm32f40_41xxx.o(.text) for Reset_Handler
    startup_stm32f40_41xxx.o(RESET) refers to stm32f4xx_it.o(.text) for NMI_Handler
    startup_stm32f40_41xxx.o(RESET) refers to exti.o(.text) for EXTI0_IRQHandler
    startup_stm32f40_41xxx.o(RESET) refers to remote.o(.text) for TIM1_UP_TIM10_IRQHandler
    startup_stm32f40_41xxx.o(RESET) refers to timer.o(.text) for TIM2_IRQHandler
    startup_stm32f40_41xxx.o(RESET) refers to usart.o(.text) for USART1_IRQHandler
    startup_stm32f40_41xxx.o(.text) refers (Special) to heapauxi.o(.text) for __use_two_region_memory
    startup_stm32f40_41xxx.o(.text) refers to system_stm32f4xx.o(.text) for SystemInit
    startup_stm32f40_41xxx.o(.text) refers to __main.o(!!!main) for __main
    startup_stm32f40_41xxx.o(.text) refers to startup_stm32f40_41xxx.o(HEAP) for Heap_Mem
    startup_stm32f40_41xxx.o(.text) refers to startup_stm32f40_41xxx.o(STACK) for Stack_Mem
    stm32f4xx_adc.o(.text) refers to stm32f4xx_rcc.o(.text) for RCC_APB2PeriphResetCmd
    stm32f4xx_can.o(.text) refers to stm32f4xx_rcc.o(.text) for RCC_APB1PeriphResetCmd
    stm32f4xx_cryp.o(.text) refers to stm32f4xx_rcc.o(.text) for RCC_AHB2PeriphResetCmd
    stm32f4xx_cryp_aes.o(.text) refers to stm32f4xx_cryp.o(.text) for CRYP_KeyStructInit
    stm32f4xx_cryp_des.o(.text) refers to stm32f4xx_cryp.o(.text) for CRYP_KeyStructInit
    stm32f4xx_cryp_tdes.o(.text) refers to stm32f4xx_cryp.o(.text) for CRYP_KeyStructInit
    stm32f4xx_dac.o(.text) refers to stm32f4xx_rcc.o(.text) for RCC_APB1PeriphResetCmd
    stm32f4xx_dma2d.o(.text) refers to stm32f4xx_rcc.o(.text) for RCC_AHB1PeriphResetCmd
    stm32f4xx_fsmc.o(.text) refers to stm32f4xx_fsmc.o(.constdata) for FSMC_DefaultTimingStruct
    stm32f4xx_gpio.o(.text) refers to stm32f4xx_rcc.o(.text) for RCC_AHB1PeriphResetCmd
    stm32f4xx_hash.o(.text) refers to stm32f4xx_rcc.o(.text) for RCC_AHB2PeriphResetCmd
    stm32f4xx_hash_md5.o(.text) refers to stm32f4xx_hash.o(.text) for HASH_DeInit
    stm32f4xx_hash_sha1.o(.text) refers to stm32f4xx_hash.o(.text) for HASH_DeInit
    stm32f4xx_i2c.o(.text) refers to stm32f4xx_rcc.o(.text) for RCC_APB1PeriphResetCmd
    stm32f4xx_ltdc.o(.text) refers to stm32f4xx_rcc.o(.text) for RCC_APB2PeriphResetCmd
    stm32f4xx_pwr.o(.text) refers to stm32f4xx_rcc.o(.text) for RCC_APB1PeriphResetCmd
    stm32f4xx_rcc.o(.text) refers to stm32f4xx_rcc.o(.data) for APBAHBPrescTable
    stm32f4xx_rng.o(.text) refers to stm32f4xx_rcc.o(.text) for RCC_AHB2PeriphResetCmd
    stm32f4xx_sai.o(.text) refers to stm32f4xx_rcc.o(.text) for RCC_APB2PeriphResetCmd
    stm32f4xx_sdio.o(.text) refers to stm32f4xx_rcc.o(.text) for RCC_APB2PeriphResetCmd
    stm32f4xx_spi.o(.text) refers to stm32f4xx_rcc.o(.text) for RCC_APB2PeriphResetCmd
    stm32f4xx_syscfg.o(.text) refers to stm32f4xx_rcc.o(.text) for RCC_APB2PeriphResetCmd
    stm32f4xx_tim.o(.text) refers to stm32f4xx_rcc.o(.text) for RCC_APB2PeriphResetCmd
    stm32f4xx_usart.o(.text) refers to stm32f4xx_rcc.o(.text) for RCC_APB2PeriphResetCmd
    stm32f4xx_wwdg.o(.text) refers to stm32f4xx_rcc.o(.text) for RCC_APB1PeriphResetCmd
    delay.o(.text) refers to misc.o(.text) for SysTick_CLKSourceConfig
    delay.o(.text) refers to delay.o(.data) for fac_us
    usart.o(.rev16_text) refers (Special) to use_no_semi_2.o(.text) for __use_no_semihosting
[...]
    i.__mathlib_dbl_underflow                0x08011158   Section        0  dunder.o(i.__mathlib_dbl_underflow)
    i.fabs                                   0x08011178   Section        0  fabs.o(i.fabs)
    x$fpl$basic                              0x08011190   Section       24  basic.o(x$fpl$basic)
    $v0                                      0x08011190   Number         0  basic.o(x$fpl$basic)
    x$fpl$d2f                                0x080111a8   Section       98  d2f.o(x$fpl$d2f)
    $v0                                      0x080111a8   Number         0  d2f.o(x$fpl$d2f)
    x$fpl$dadd                               0x0801120c   Section      336  daddsub_clz.o(x$fpl$dadd)
    $v0                                      0x0801120c   Number         0  daddsub_clz.o(x$fpl$dadd)
    _dadd1                                   0x0801121d   Thumb Code     0  daddsub_clz.o(x$fpl$dadd)
    x$fpl$dcmpinf                            0x0801135c   Section       24  dcmpi.o(x$fpl$dcmpinf)
    $v0                                      0x0801135c   Number         0  dcmpi.o(x$fpl$dcmpinf)
    x$fpl$ddiv                               0x08011374   Section      688  ddiv.o(x$fpl$ddiv)
    $v0                                      0x08011374   Number         0  ddiv.o(x$fpl$ddiv)
    ddiv_entry                               0x0801137b   Thumb Code     0  ddiv.o(x$fpl$ddiv)
    x$fpl$dfix                               0x08011624   Section       94  dfix.o(x$fpl$dfix)
    $v0                                      0x08011624   Number         0  dfix.o(x$fpl$dfix)
    x$fpl$dflt                               0x08011682   Section       46  dflt_clz.o(x$fpl$dflt)
    $v0                                      0x08011682   Number         0  dflt_clz.o(x$fpl$dflt)
    x$fpl$dfltu                              0x080116b0   Section       38  dflt_clz.o(x$fpl$dfltu)
    $v0                                      0x080116b0   Number         0  dflt_clz.o(x$fpl$dfltu)
    x$fpl$dleqf                              0x080116d8   Section      120  dleqf.o(x$fpl$dleqf)
    $v0                                      0x080116d8   Number         0  dleqf.o(x$fpl$dleqf)
    x$fpl$dmul                               0x08011750   Section      340  dmul.o(x$fpl$dmul)
    $v0                                      0x08011750   Number         0  dmul.o(x$fpl$dmul)
    x$fpl$dnaninf                            0x080118a4   Section      156  dnaninf.o(x$fpl$dnaninf)
    $v0                                      0x080118a4   Number         0  dnaninf.o(x$fpl$dnaninf)
    x$fpl$dretinf                            0x08011940   Section       12  dretinf.o(x$fpl$dretinf)
    $v0                                      0x08011940   Number         0  dretinf.o(x$fpl$dretinf)
    x$fpl$drleqf                             0x0801194c   Section      108  drleqf.o(x$fpl$drleqf)
    $v0                                      0x0801194c   Number         0  drleqf.o(x$fpl$drleqf)
    x$fpl$drsb                               0x080119b8   Section       22  daddsub_clz.o(x$fpl$drsb)
    $v0                                      0x080119b8   Number         0  daddsub_clz.o(x$fpl$drsb)
    x$fpl$dsqrt                              0x080119d0   Section      408  dsqrt_umaal.o(x$fpl$dsqrt)
    $v0                                      0x080119d0   Number         0  dsqrt_umaal.o(x$fpl$dsqrt)
    x$fpl$dsub                               0x08011b68   Section      468  daddsub_clz.o(x$fpl$dsub)
    $v0                                      0x08011b68   Number         0  daddsub_clz.o(x$fpl$dsub)
    _dsub1                                   0x08011b79   Thumb Code     0  daddsub_clz.o(x$fpl$dsub)
    x$fpl$f2d                                0x08011d3c   Section       86  f2d.o(x$fpl$f2d)
    $v0                                      0x08011d3c   Number         0  f2d.o(x$fpl$f2d)
    x$fpl$fnaninf                            0x08011d92   Section      140  fnaninf.o(x$fpl$fnaninf)
    $v0                                      0x08011d92   Number         0  fnaninf.o(x$fpl$fnaninf)
    x$fpl$fpinit                             0x08011e1e   Section       10  fpinit.o(x$fpl$fpinit)
    $v0                                      0x08011e1e   Number         0  fpinit.o(x$fpl$fpinit)
    x$fpl$fretinf                            0x08011e28   Section       10  fretinf.o(x$fpl$fretinf)
    $v0                                      0x08011e28   Number         0  fretinf.o(x$fpl$fretinf)
    x$fpl$usenofp                            0x08011e32   Section        0  usenofp.o(x$fpl$usenofp)
    .constdata                               0x08011e34   Section       28  stm32f4xx_fsmc.o(.constdata)
    .constdata                               0x08011e50   Section     6080  lcd.o(.constdata)
    .constdata                               0x08013610   Section       40  _printf_hex_int.o(.constdata)
    uc_hextab                                0x08013610   Data          20  _printf_hex_int.o(.constdata)
    lc_hextab                                0x08013624   Data          20  _printf_hex_int.o(.constdata)
    .constdata                               0x08013638   Section      152  atan.o(.constdata)
    atanhi                                   0x08013638   Data          32  atan.o(.constdata)
    atanlo                                   0x08013658   Data          32  atan.o(.constdata)
    aTodd                                    0x08013678   Data          40  atan.o(.constdata)
    aTeven                                   0x080136a0   Data          48  atan.o(.constdata)
    .constdata                               0x080136d0   Section       48  cos_i.o(.constdata)
    C                                        0x080136d0   Data          48  cos_i.o(.constdata)
    .constdata                               0x08013700   Section      200  rred.o(.constdata)
    pio2s                                    0x08013700   Data          48  rred.o(.constdata)
    twooverpi                                0x08013730   Data         152  rred.o(.constdata)
    .constdata                               0x080137c8   Section       40  sin_i.o(.constdata)
    S                                        0x080137c8   Data          40  sin_i.o(.constdata)
    .data                                    0x20000000   Section       20  system_stm32f4xx.o(.data)
    .data                                    0x20000014   Section       16  stm32f4xx_rcc.o(.data)
    APBAHBPrescTable                         0x20000014   Data          16  stm32f4xx_rcc.o(.data)
    .data                                    0x20000024   Section        4  delay.o(.data)
    fac_us                                   0x20000024   Data           1  delay.o(.data)
    fac_ms                                   0x20000026   Data           2  delay.o(.data)
    .data                                    0x20000028   Section       15  usart.o(.data)
    .data                                    0x20000037   Section        1  timer.o(.data)
    .data                                    0x20000038   Section        4  lcd.o(.data)
    .data                                    0x2000003c   Section       24  control.o(.data)
    .data                                    0x20000054   Section        9  remote.o(.data)
    .bss                                     0x20000060   Section      600  usart.o(.bss)
    .bss                                     0x200002b8   Section       14  lcd.o(.bss)
    .bss                                     0x200002c8   Section       68  control.o(.bss)
    .bss                                     0x2000030c   Section       96  libspace.o(.bss)
    HEAP                                     0x20000370   Section      512  startup_stm32f40_41xxx.o(HEAP)
    Heap_Mem                                 0x20000370   Data         512  startup_stm32f40_41xxx.o(HEAP)
    STACK                                    0x20000570   Section     1024  startup_stm32f40_41xxx.o(STACK)
    Stack_Mem                                0x20000570   Data        1024  startup_stm32f40_41xxx.o(STACK)
    __initial_sp                             0x20000970   Data           0  startup_stm32f40_41xxx.o(STACK)

    Global Symbols

    Symbol Name                              Value     Ov Type        Size  Object(Section)

    BuildAttributes$$THM_ISAv4$E$P$D$K$B$S$7EM$VFPi3$EXTD16$VFPS$VFMA$PE$A:L22UL41UL21$X:L11$S22US41US21$IEEE1$IW$USESV6$~STKCKD$USESV7$~SHL$OTIME$ROPI$IEEEX$EBA8$UX$STANDARDLIB$REQ8$PRES8$EABIv2 0x00000000   Number         0  anon$$obj.o ABSOLUTE
    __ARM_use_no_argv                        0x00000000   Number         0  main.o ABSOLUTE
    __ARM_exceptions_init                     - Undefined Weak Reference
    __alloca_initialize                       - Undefined Weak Reference
    __cpp_initialize__aeabi_                  - Undefined Weak Reference
    __cxa_finalize                            - Undefined Weak Reference
    __rt_locale                               - Undefined Weak Reference
    __sigvec_lookup                           - Undefined Weak Reference
    _atexit_init                              - Undefined Weak Reference
    _call_atexit_fns                          - Undefined Weak Reference
    _clock_init                               - Undefined Weak Reference
    _fp_trap_init                             - Undefined Weak Reference
    _fp_trap_shutdown                         - Undefined Weak Reference
    _get_lc_collate                           - Undefined Weak Reference
    _get_lc_ctype                             - Undefined Weak Reference
    _get_lc_monetary                          - Undefined Weak Reference
    _get_lc_numeric                           - Undefined Weak Reference
    _get_lc_time                              - Undefined Weak Reference
    _getenv_init                              - Undefined Weak Reference
    _handle_redirection                       - Undefined Weak Reference
    _init_alloc                               - Undefined Weak Reference
    _init_user_alloc                          - Undefined Weak Reference
    _initio                                   - Undefined Weak Reference
    _mutex_acquire                            - Undefined Weak Reference
    _mutex_release                            - Undefined Weak Reference
    _printf_post_padding                      - Undefined Weak Reference
    _printf_pre_padding                       - Undefined Weak Reference
    _printf_truncate_unsigned                 - Undefined Weak Reference
    _rand_init                                - Undefined Weak Reference
    _signal_finish                            - Undefined Weak Reference
    _signal_init                              - Undefined Weak Reference
    _terminate_alloc                          - Undefined Weak Reference
    _terminate_user_alloc                     - Undefined Weak Reference
    _terminateio                              - Undefined Weak Reference
    __Vectors_Size                           0x00000188   Number         0  startup_stm32f40_41xxx.o ABSOLUTE
    __Vectors                                0x08000000   Data           4  startup_stm32f40_41xxx.o(RESET)
    __Vectors_End                            0x08000188   Data           0  startup_stm32f40_41xxx.o(RESET)
    __main                                   0x08000189   Thumb Code     8  __main.o(!!!main)
    __scatterload                            0x08000191   Thumb Code     0  __scatter.o(!!!scatter)
    __scatterload_rt2                        0x08000191   Thumb Code    44  __scatter.o(!!!scatter)
    __scatterload_rt2_thumb_only             0x08000191   Thumb Code     0  __scatter.o(!!!scatter)
    __scatterload_null                       0x0800019f   Thumb Code     0  __scatter.o(!!!scatter)
    __scatterload_copy                       0x080001c5   Thumb Code    26  __scatter_copy.o(!!handler_copy)
    __scatterload_zeroinit                   0x080001e1   Thumb Code    28  __scatter_zi.o(!!handler_zi)
    _printf_percent                          0x080001fd   Thumb Code     0  _printf_percent.o(.ARM.Collect$$_printf_percent$$00000000)
    _printf_x                                0x080001fd   Thumb Code     0  _printf_x.o(.ARM.Collect$$_printf_percent$$0000000C)
    _printf_percent_end                      0x08000203   Thumb Code     0  _printf_percent_end.o(.ARM.Collect$$_printf_percent$$00000017)
    __rt_lib_init                            0x08000207   Thumb Code     0  libinit.o(.ARM.Collect$$libinit$$00000000)
    __rt_lib_init_fp_1                       0x08000209   Thumb Code     0  libinit2.o(.ARM.Collect$$libinit$$00000001)
    __rt_lib_init_alloca_1                   0x0800020d   Thumb Code     0  libinit2.o(.ARM.Collect$$libinit$$0000002C)
    __rt_lib_init_argv_1                     0x0800020d   Thumb Code     0  libinit2.o(.ARM.Collect$$libinit$$0000002A)
    __rt_lib_init_atexit_1                   0x0800020d   Thumb Code     0  libinit2.o(.ARM.Collect$$libinit$$00000019)
    __rt_lib_init_clock_1                    0x0800020d   Thumb Code     0  libinit2.o(.ARM.Collect$$libinit$$0000001F)
    __rt_lib_init_cpp_1                      0x0800020d   Thumb Code     0  libinit2.o(.ARM.Collect$$libinit$$00000030)
    __rt_lib_init_exceptions_1               0x0800020d   Thumb Code     0  libinit2.o(.ARM.Collect$$libinit$$0000002E)
    __rt_lib_init_fp_trap_1                  0x0800020d   Thumb Code     0  libinit2.o(.ARM.Collect$$libinit$$0000001D)
    __rt_lib_init_getenv_1                   0x0800020d   Thumb Code     0  libinit2.o(.ARM.Collect$$libinit$$00000021)
    __rt_lib_init_heap_1                     0x0800020d   Thumb Code     0  libinit2.o(.ARM.Collect$$libinit$$00000008)
    __rt_lib_init_lc_collate_1               0x0800020d   Thumb Code     0  libinit2.o(.ARM.Collect$$libinit$$0000000F)
    __rt_lib_init_lc_ctype_1                 0x0800020d   Thumb Code     0  libinit2.o(.ARM.Collect$$libinit$$00000011)
    __rt_lib_init_lc_monetary_1              0x0800020d   Thumb Code     0  libinit2.o(.ARM.Collect$$libinit$$00000013)
    __rt_lib_init_lc_numeric_1               0x0800020d   Thumb Code     0  libinit2.o(.ARM.Collect$$libinit$$00000015)
    __rt_lib_init_lc_time_1                  0x0800020d   Thumb Code     0  libinit2.o(.ARM.Collect$$libinit$$00000017)
    __rt_lib_init_rand_1                     0x0800020d   Thumb Code     0  libinit2.o(.ARM.Collect$$libinit$$0000000C)
    __rt_lib_init_return                     0x0800020d   Thumb Code     0  libinit2.o(.ARM.Collect$$libinit$$00000031)
    __rt_lib_init_signal_1                   0x0800020d   Thumb Code     0  libinit2.o(.ARM.Collect$$libinit$$0000001B)
    __rt_lib_init_stdio_1                    0x0800020d   Thumb Code     0  libinit2.o(.ARM.Collect$$libinit$$00000023)
    __rt_lib_init_user_alloc_1               0x0800020d   Thumb Code     0  libinit2.o(.ARM.Collect$$libinit$$0000000A)
    __rt_lib_shutdown                        0x0800020f   Thumb Code     0  libshutdown.o(.ARM.Collect$$libshutdown$$00000000)
    __rt_lib_shutdown_fp_trap_1              0x08000211   Thumb Code     0  libshutdown2.o(.ARM.Collect$$libshutdown$$00000006)
    __rt_lib_shutdown_heap_1                 0x08000211   Thumb Code     0  libshutdown2.o(.ARM.Collect$$libshutdown$$0000000E)
    __rt_lib_shutdown_return                 0x08000211   Thumb Code     0  libshutdown2.o(.ARM.Collect$$libshutdown$$0000000F)
    __rt_lib_shutdown_signal_1               0x08000211   Thumb Code     0  libshutdown2.o(.ARM.Collect$$libshutdown$$00000009)
    __rt_lib_shutdown_stdio_1                0x08000211   Thumb Code     0  libshutdown2.o(.ARM.Collect$$libshutdown$$00000003)
    __rt_lib_shutdown_user_alloc_1           0x08000211   Thumb Code     0  libshutdown2.o(.ARM.Collect$$libshutdown$$0000000B)
    __rt_entry                               0x08000213   Thumb Code     0  rtentry.o(.ARM.Collect$$rtentry$$00000000)
    __rt_entry_presh_1                       0x08000213   Thumb Code     0  rtentry2.o(.ARM.Collect$$rtentry$$00000002)
    __rt_entry_sh                            0x08000213   Thumb Code     0  rtentry4.o(.ARM.Collect$$rtentry$$00000004)
    __rt_entry_li                            0x08000219   Thumb Code     0  rtentry2.o(.ARM.Collect$$rtentry$$0000000A)
    __rt_entry_postsh_1                      0x08000219   Thumb Code     0  rtentry2.o(.ARM.Collect$$rtentry$$00000009)
    __rt_entry_main                          0x0800021d   Thumb Code     0  rtentry2.o(.ARM.Collect$$rtentry$$0000000D)
    __rt_entry_postli_1                      0x0800021d   Thumb Code     0  rtentry2.o(.ARM.Collect$$rtentry$$0000000C)
    __rt_exit                                0x08000225   Thumb Code     0  rtexit.o(.ARM.Collect$$rtexit$$00000000)
    __rt_exit_ls                             0x08000227   Thumb Code     0  rtexit2.o(.ARM.Collect$$rtexit$$00000003)
    __rt_exit_prels_1                        0x08000227   Thumb Code     0  rtexit2.o(.ARM.Collect$$rtexit$$00000002)
    __rt_exit_exit                           0x0800022b   Thumb Code     0  rtexit2.o(.ARM.Collect$$rtexit$$00000004)
    main                                     0x08000231   Thumb Code  2810  main.o(.text)
    NMI_Handler                              0x08000d41   Thumb Code     2  stm32f4xx_it.o(.text)
    HardFault_Handler                        0x08000d43   Thumb Code     4  stm32f4xx_it.o(.text)
    MemManage_Handler                        0x08000d47   Thumb Code     4  stm32f4xx_it.o(.text)
    BusFault_Handler                         0x08000d4b   Thumb Code     4  stm32f4xx_it.o(.text)
    UsageFault_Handler                       0x08000d4f   Thumb Code     4  stm32f4xx_it.o(.text)
    SVC_Handler                              0x08000d53   Thumb Code     2  stm32f4xx_it.o(.text)
    DebugMon_Handler                         0x08000d55   Thumb Code     2  stm32f4xx_it.o(.text)
    PendSV_Handler                           0x08000d57   Thumb Code     2  stm32f4xx_it.o(.text)
    SysTick_Handler                          0x08000d59   Thumb Code     2  stm32f4xx_it.o(.text)
    SystemInit                               0x08000e39   Thumb Code    88  system_stm32f4xx.o(.text)
    SystemCoreClockUpdate                    0x08000e91   Thumb Code   174  system_stm32f4xx.o(.text)
    Reset_Handler                            0x08000f6d   Thumb Code     8  startup_stm32f40_41xxx.o(.text)
    ADC_IRQHandler                           0x08000f87   Thumb Code     0  startup_stm32f40_41xxx.o(.text)
    CAN1_RX0_IRQHandler                      0x08000f87   Thumb Code     0  startup_stm32f40_41xxx.o(.text)
    CAN1_RX1_IRQHandler                      0x08000f87   Thumb Code     0  startup_stm32f40_41xxx.o(.text)
    CAN1_SCE_IRQHandler                      0x08000f87   Thumb Code     0  startup_stm32f40_41xxx.o(.text)
    CAN1_TX_IRQHandler                       0x08000f87   Thumb Code     0  startup_stm32f40_41xxx.o(.text)
    CAN2_RX0_IRQHandler                      0x08000f87   Thumb Code     0  startup_stm32f40_41xxx.o(.text)
    CAN2_RX1_IRQHandler                      0x08000f87   Thumb Code     0  startup_stm32f40_41xxx.o(.text)
    CAN2_SCE_IRQHandler                      0x08000f87   Thumb Code     0  startup_stm32f40_41xxx.o(.text)
    CAN2_TX_IRQHandler                       0x08000f87   Thumb Code     0  startup_stm32f40_41xxx.o(.text)
    CRYP_IRQHandler                          0x08000f87   Thumb Code     0  startup_stm32f40_41xxx.o(.text)
    DCMI_IRQHandler                          0x08000f87   Thumb Code     0  startup_stm32f40_41xxx.o(.text)
    DMA1_Stream0_IRQHandler                  0x08000f87   Thumb Code     0  startup_stm32f40_41xxx.o(.text)
    DMA1_Stream1_IRQHandler                  0x08000f87   Thumb Code     0  startup_stm32f40_41xxx.o(.text)
    DMA1_Stream2_IRQHandler                  0x08000f87   Thumb Code     0  startup_stm32f40_41xxx.o(.text)
    DMA1_Stream3_IRQHandler                  0x08000f87   Thumb Code     0  startup_stm32f40_41xxx.o(.text)
    DMA1_Stream4_IRQHandler                  0x08000f87   Thumb Code     0  startup_stm32f40_41xxx.o(.text)
    DMA1_Stream5_IRQHandler                  0x08000f87   Thumb Code     0  startup_stm32f40_41xxx.o(.text)
    DMA1_Stream6_IRQHandler                  0x08000f87   Thumb Code     0  startup_stm32f40_41xxx.o(.text)
    DMA1_Stream7_IRQHandler                  0x08000f87   Thumb Code     0  startup_stm32f40_41xxx.o(.text)
    DMA2_Stream0_IRQHandler                  0x08000f87   Thumb Code     0  startup_stm32f40_41xxx.o(.text)
    DMA2_Stream1_IRQHandler                  0x08000f87   Thumb Code     0  startup_stm32f40_41xxx.o(.text)
    DMA2_Stream2_IRQHandler                  0x08000f87   Thumb Code     0  startup_stm32f40_41xxx.o(.text)
    DMA2_Stream3_IRQHandler                  0x08000f87   Thumb Code     0  startup_stm32f40_41xxx.o(.text)
    DMA2_Stream4_IRQHandler                  0x08000f87   Thumb Code     0  startup_stm32f40_41xxx.o(.text)
    DMA2_Stream5_IRQHandler                  0x08000f87   Thumb Code     0  startup_stm32f40_41xxx.o(.text)
    DMA2_Stream6_IRQHandler                  0x08000f87   Thumb Code     0  startup_stm32f40_41xxx.o(.text)
    DMA2_Stream7_IRQHandler                  0x08000f87   Thumb Code     0  startup_stm32f40_41xxx.o(.text)
    ETH_IRQHandler                           0x08000f87   Thumb Code     0  startup_stm32f40_41xxx.o(.text)
    ETH_WKUP_IRQHandler                      0x08000f87   Thumb Code     0  startup_stm32f40_41xxx.o(.text)
    EXTI15_10_IRQHandler                     0x08000f87   Thumb Code     0  startup_stm32f40_41xxx.o(.text)
    EXTI2_IRQHandler                         0x08000f87   Thumb Code     0  startup_stm32f40_41xxx.o(.text)
    EXTI3_IRQHandler                         0x08000f87   Thumb Code     0  startup_stm32f40_41xxx.o(.text)
    EXTI4_IRQHandler                         0x08000f87   Thumb Code     0  startup_stm32f40_41xxx.o(.text)
    EXTI9_5_IRQHandler                       0x08000f87   Thumb Code     0  startup_stm32f40_41xxx.o(.text)
    FLASH_IRQHandler                         0x08000f87   Thumb Code     0  startup_stm32f40_41xxx.o(.text)
    FPU_IRQHandler                           0x08000f87   Thumb Code     0  startup_stm32f40_41xxx.o(.text)
    FSMC_IRQHandler                          0x08000f87   Thumb Code     0  startup_stm32f40_41xxx.o(.text)
    HASH_RNG_IRQHandler                      0x08000f87   Thumb Code     0  startup_stm32f40_41xxx.o(.text)
    I2C1_ER_IRQHandler                       0x08000f87   Thumb Code     0  startup_stm32f40_41xxx.o(.text)
    I2C1_EV_IRQHandler                       0x08000f87   Thumb Code     0  startup_stm32f40_41xxx.o(.text)
    I2C2_ER_IRQHandler                       0x08000f87   Thumb Code     0  startup_stm32f40_41xxx.o(.text)
    I2C2_EV_IRQHandler                       0x08000f87   Thumb Code     0  startup_stm32f40_41xxx.o(.text)
    I2C3_ER_IRQHandler                       0x08000f87   Thumb Code     0  startup_stm32f40_41xxx.o(.text)
    I2C3_EV_IRQHandler                       0x08000f87   Thumb Code     0  startup_stm32f40_41xxx.o(.text)
    OTG_FS_IRQHandler                        0x08000f87   Thumb Code     0  startup_stm32f40_41xxx.o(.text)
    OTG_FS_WKUP_IRQHandler                   0x08000f87   Thumb Code     0  startup_stm32f40_41xxx.o(.text)
    OTG_HS_EP1_IN_IRQHandler                 0x08000f87   Thumb Code     0  startup_stm32f40_41xxx.o(.text)
    OTG_HS_EP1_OUT_IRQHandler                0x08000f87   Thumb Code     0  startup_stm32f40_41xxx.o(.text)
    OTG_HS_IRQHandler                        0x08000f87   Thumb Code     0  startup_stm32f40_41xxx.o(.text)
    OTG_HS_WKUP_IRQHandler                   0x08000f87   Thumb Code     0  startup_stm32f40_41xxx.o(.text)
    PVD_IRQHandler                           0x08000f87   Thumb Code     0  startup_stm32f40_41xxx.o(.text)
    RCC_IRQHandler                           0x08000f87   Thumb Code     0  startup_stm32f40_41xxx.o(.text)
    RTC_Alarm_IRQHandler                     0x08000f87   Thumb Code     0  startup_stm32f40_41xxx.o(.text)
    RTC_WKUP_IRQHandler                      0x08000f87   Thumb Code     0  startup_stm32f40_41xxx.o(.text)
    SDIO_IRQHandler                          0x08000f87   Thumb Code     0  startup_stm32f40_41xxx.o(.text)
    SPI1_IRQHandler                          0x08000f87   Thumb Code     0  startup_stm32f40_41xxx.o(.text)
    SPI2_IRQHandler                          0x08000f87   Thumb Code     0  startup_stm32f40_41xxx.o(.text)
    SPI3_IRQHandler                          0x08000f87   Thumb Code     0  startup_stm32f40_41xxx.o(.text)
    TAMP_STAMP_IRQHandler                    0x08000f87   Thumb Code     0  startup_stm32f40_41xxx.o(.text)
    TIM1_BRK_TIM9_IRQHandler                 0x08000f87   Thumb Code     0  startup_stm32f40_41xxx.o(.text)
    TIM1_TRG_COM_TIM11_IRQHandler            0x08000f87   Thumb Code     0  startup_stm32f40_41xxx.o(.text)
    TIM3_IRQHandler                          0x08000f87   Thumb Code     0  startup_stm32f40_41xxx.o(.text)
    TIM4_IRQHandler                          0x08000f87   Thumb Code     0  startup_stm32f40_41xxx.o(.text)
    TIM5_IRQHandler                          0x08000f87   Thumb Code     0  startup_stm32f40_41xxx.o(.text)
    TIM6_DAC_IRQHandler                      0x08000f87   Thumb Code     0  startup_stm32f40_41xxx.o(.text)
    TIM7_IRQHandler                          0x08000f87   Thumb Code     0  startup_stm32f40_41xxx.o(.text)
    TIM8_BRK_TIM12_IRQHandler                0x08000f87   Thumb Code     0  startup_stm32f40_41xxx.o(.text)
    TIM8_CC_IRQHandler                       0x08000f87   Thumb Code     0  startup_stm32f40_41xxx.o(.text)
    TIM8_TRG_COM_TIM14_IRQHandler            0x08000f87   Thumb Code     0  startup_stm32f40_41xxx.o(.text)
    TIM8_UP_TIM13_IRQHandler                 0x08000f87   Thumb Code     0  startup_stm32f40_41xxx.o(.text)
    UART4_IRQHandler                         0x08000f87   Thumb Code     0  startup_stm32f40_41xxx.o(.text)
    UART5_IRQHandler                         0x08000f87   Thumb Code     0  startup_stm32f40_41xxx.o(.text)
    USART6_IRQHandler                        0x08000f87   Thumb Code     0  startup_stm32f40_41xxx.o(.text)
    WWDG_IRQHandler                          0x08000f87   Thumb Code     0  startup_stm32f40_41xxx.o(.text)
    __user_initial_stackheap                 0x08000f89   Thumb Code     0  startup_stm32f40_41xxx.o(.text)
    NVIC_PriorityGroupConfig                 0x08000fad   Thumb Code    10  misc.o(.text)
    NVIC_Init                                0x08000fb7   Thumb Code   106  misc.o(.text)
    NVIC_SetVectorTable                      0x08001021   Thumb Code    14  misc.o(.text)
    NVIC_SystemLPConfig                      0x0800102f   Thumb Code    34  misc.o(.text)
    SysTick_CLKSourceConfig                  0x08001051   Thumb Code    40  misc.o(.text)
    EXTI_DeInit                              0x0800108d   Thumb Code    28  stm32f4xx_exti.o(.text)
    EXTI_Init                                0x080010a9   Thumb Code   142  stm32f4xx_exti.o(.text)
    EXTI_StructInit                          0x08001137   Thumb Code    16  stm32f4xx_exti.o(.text)
    EXTI_GenerateSWInterrupt                 0x08001147   Thumb Code    16  stm32f4xx_exti.o(.text)
    EXTI_GetFlagStatus                       0x08001157   Thumb Code    22  stm32f4xx_exti.o(.text)
    EXTI_ClearFlag                           0x0800116d   Thumb Code     8  stm32f4xx_exti.o(.text)
    EXTI_GetITStatus                         0x08001175   Thumb Code    22  stm32f4xx_exti.o(.text)
    EXTI_ClearITPendingBit                   0x0800118b   Thumb Code     8  stm32f4xx_exti.o(.text)
    FSMC_NORSRAMDeInit                       0x0800119d   Thumb Code    54  stm32f4xx_fsmc.o(.text)
    FSMC_NORSRAMInit                         0x080011d3   Thumb Code   230  stm32f4xx_fsmc.o(.text)
    FSMC_NORSRAMStructInit                   0x080012b9   Thumb Code    48  stm32f4xx_fsmc.o(.text)
    FSMC_NORSRAMCmd                          0x080012e9   Thumb Code    46  stm32f4xx_fsmc.o(.text)
    FSMC_NANDDeInit                          0x08001317   Thumb Code    62  stm32f4xx_fsmc.o(.text)
    FSMC_NANDInit                            0x08001355   Thumb Code   132  stm32f4xx_fsmc.o(.text)
    FSMC_NANDStructInit                      0x080013d9   Thumb Code    54  stm32f4xx_fsmc.o(.text)
    FSMC_NANDCmd                             0x0800140f   Thumb Code    86  stm32f4xx_fsmc.o(.text)
    FSMC_NANDECCCmd                          0x08001465   Thumb Code    86  stm32f4xx_fsmc.o(.text)
    FSMC_GetECC                              0x080014bb   Thumb Code    24  stm32f4xx_fsmc.o(.text)
    FSMC_PCCARDDeInit                        0x080014d3   Thumb Code    36  stm32f4xx_fsmc.o(.text)
    FSMC_PCCARDInit                          0x080014f7   Thumb Code   130  stm32f4xx_fsmc.o(.text)
    FSMC_PCCARDStructInit                    0x08001579   Thumb Code    60  stm32f4xx_fsmc.o(.text)
    FSMC_PCCARDCmd                           0x080015b5   Thumb Code    44  stm32f4xx_fsmc.o(.text)
    FSMC_ITConfig                            0x080015e1   Thumb Code   128  stm32f4xx_fsmc.o(.text)
    FSMC_GetFlagStatus                       0x08001661   Thumb Code    54  stm32f4xx_fsmc.o(.text)
    FSMC_ClearFlag                           0x08001697   Thumb Code    74  stm32f4xx_fsmc.o(.text)
    FSMC_GetITStatus                         0x080016e1   Thumb Code    62  stm32f4xx_fsmc.o(.text)
    FSMC_ClearITPendingBit                   0x0800171f   Thumb Code    66  stm32f4xx_fsmc.o(.text)
    GPIO_DeInit                              0x08001765   Thumb Code   268  stm32f4xx_gpio.o(.text)
    GPIO_Init                                0x08001871   Thumb Code   144  stm32f4xx_gpio.o(.text)
    GPIO_StructInit                          0x08001901   Thumb Code    18  stm32f4xx_gpio.o(.text)
    GPIO_PinLockConfig                       0x08001913   Thumb Code    34  stm32f4xx_gpio.o(.text)
    GPIO_ReadInputDataBit                    0x08001935   Thumb Code    18  stm32f4xx_gpio.o(.text)
    GPIO_ReadInputData                       0x08001947   Thumb Code     8  stm32f4xx_gpio.o(.text)
    GPIO_ReadOutputDataBit                   0x0800194f   Thumb Code    18  stm32f4xx_gpio.o(.text)
    GPIO_ReadOutputData                      0x08001961   Thumb Code     8  stm32f4xx_gpio.o(.text)
    GPIO_SetBits                             0x08001969   Thumb Code     4  stm32f4xx_gpio.o(.text)
    GPIO_ResetBits                           0x0800196d   Thumb Code     4  stm32f4xx_gpio.o(.text)
    GPIO_WriteBit                            0x08001971   Thumb Code    10  stm32f4xx_gpio.o(.text)
    GPIO_Write                               0x0800197b   Thumb Code     4  stm32f4xx_gpio.o(.text)
    GPIO_ToggleBits                          0x0800197f   Thumb Code     8  stm32f4xx_gpio.o(.text)
    GPIO_PinAFConfig                         0x08001987   Thumb Code    70  stm32f4xx_gpio.o(.text)
    RCC_DeInit                               0x080019f9   Thumb Code    82  stm32f4xx_rcc.o(.text)
    RCC_HSEConfig                            0x08001a4b   Thumb Code    14  stm32f4xx_rcc.o(.text)
    RCC_GetFlagStatus                        0x08001a59   Thumb Code    60  stm32f4xx_rcc.o(.text)
    RCC_WaitForHSEStartUp                    0x08001a95   Thumb Code    56  stm32f4xx_rcc.o(.text)
    RCC_AdjustHSICalibrationValue            0x08001acd   Thumb Code    20  stm32f4xx_rcc.o(.text)
    RCC_HSICmd                               0x08001ae1   Thumb Code     6  stm32f4xx_rcc.o(.text)
    RCC_LSEConfig                            0x08001ae7   Thumb Code    46  stm32f4xx_rcc.o(.text)
    RCC_LSICmd                               0x08001b15   Thumb Code     6  stm32f4xx_rcc.o(.text)
    RCC_PLLConfig                            0x08001b1b   Thumb Code    32  stm32f4xx_rcc.o(.text)
    RCC_PLLCmd                               0x08001b3b   Thumb Code     6  stm32f4xx_rcc.o(.text)
    RCC_PLLI2SConfig                         0x08001b41   Thumb Code    14  stm32f4xx_rcc.o(.text)
    RCC_PLLI2SCmd                            0x08001b4f   Thumb Code     6  stm32f4xx_rcc.o(.text)
    RCC_PLLSAIConfig                         0x08001b55   Thumb Code    20  stm32f4xx_rcc.o(.text)
    RCC_PLLSAICmd                            0x08001b69   Thumb Code     6  stm32f4xx_rcc.o(.text)
    RCC_ClockSecuritySystemCmd               0x08001b6f   Thumb Code     6  stm32f4xx_rcc.o(.text)
    RCC_MCO1Config                           0x08001b75   Thumb Code    28  stm32f4xx_rcc.o(.text)
    RCC_MCO2Config                           0x08001b91   Thumb Code    28  stm32f4xx_rcc.o(.text)
    RCC_SYSCLKConfig                         0x08001bad   Thumb Code    20  stm32f4xx_rcc.o(.text)
    RCC_GetSYSCLKSource                      0x08001bc1   Thumb Code    12  stm32f4xx_rcc.o(.text)
    RCC_HCLKConfig                           0x08001bcd   Thumb Code    20  stm32f4xx_rcc.o(.text)
    RCC_PCLK1Config                          0x08001be1   Thumb Code    20  stm32f4xx_rcc.o(.text)
    RCC_PCLK2Config                          0x08001bf5   Thumb Code    22  stm32f4xx_rcc.o(.text)
    RCC_GetClocksFreq                        0x08001c0b   Thumb Code   222  stm32f4xx_rcc.o(.text)
    RCC_RTCCLKConfig                         0x08001ce9   Thumb Code    54  stm32f4xx_rcc.o(.text)
    RCC_RTCCLKCmd                            0x08001d1f   Thumb Code     8  stm32f4xx_rcc.o(.text)
    RCC_BackupResetCmd                       0x08001d27   Thumb Code     8  stm32f4xx_rcc.o(.text)
    RCC_I2SCLKConfig                         0x08001d2f   Thumb Code     6  stm32f4xx_rcc.o(.text)
    RCC_SAIPLLI2SClkDivConfig                0x08001d35   Thumb Code    26  stm32f4xx_rcc.o(.text)
    RCC_SAIPLLSAIClkDivConfig                0x08001d4f   Thumb Code    28  stm32f4xx_rcc.o(.text)
    RCC_SAIBlockACLKConfig                   0x08001d6b   Thumb Code    20  stm32f4xx_rcc.o(.text)
    RCC_SAIBlockBCLKConfig                   0x08001d7f   Thumb Code    20  stm32f4xx_rcc.o(.text)
    RCC_LTDCCLKDivConfig                     0x08001d93   Thumb Code    20  stm32f4xx_rcc.o(.text)
    RCC_TIMCLKPresConfig                     0x08001da7   Thumb Code     6  stm32f4xx_rcc.o(.text)
    RCC_AHB1PeriphClockCmd                   0x08001dad   Thumb Code    34  stm32f4xx_rcc.o(.text)
    RCC_AHB2PeriphClockCmd                   0x08001dcf   Thumb Code    78  stm32f4xx_rcc.o(.text)
    RCC_AHB3PeriphClockCmd                   0x08001e1d   Thumb Code    34  stm32f4xx_rcc.o(.text)
    RCC_APB1PeriphClockCmd                   0x08001e3f   Thumb Code    34  stm32f4xx_rcc.o(.text)
    RCC_APB2PeriphClockCmd                   0x08001e61   Thumb Code    34  stm32f4xx_rcc.o(.text)
    RCC_AHB1PeriphResetCmd                   0x08001e83   Thumb Code    34  stm32f4xx_rcc.o(.text)
    RCC_AHB2PeriphResetCmd                   0x08001ea5   Thumb Code    34  stm32f4xx_rcc.o(.text)
    RCC_AHB3PeriphResetCmd                   0x08001ec7   Thumb Code    34  stm32f4xx_rcc.o(.text)
    RCC_APB1PeriphResetCmd                   0x08001ee9   Thumb Code    34  stm32f4xx_rcc.o(.text)
    RCC_APB2PeriphResetCmd                   0x08001f0b   Thumb Code    34  stm32f4xx_rcc.o(.text)
    RCC_AHB1PeriphClockLPModeCmd             0x08001f2d   Thumb Code    34  stm32f4xx_rcc.o(.text)
    RCC_AHB2PeriphClockLPModeCmd             0x08001f4f   Thumb Code    34  stm32f4xx_rcc.o(.text)
    RCC_AHB3PeriphClockLPModeCmd             0x08001f71   Thumb Code    34  stm32f4xx_rcc.o(.text)
    RCC_APB1PeriphClockLPModeCmd             0x08001f93   Thumb Code    34  stm32f4xx_rcc.o(.text)
    RCC_APB2PeriphClockLPModeCmd             0x08001fb5   Thumb Code    34  stm32f4xx_rcc.o(.text)
    RCC_LSEModeConfig                        0x08001fd7   Thumb Code    40  stm32f4xx_rcc.o(.text)
    RCC_ITConfig                             0x08001fff   Thumb Code    34  stm32f4xx_rcc.o(.text)
    RCC_ClearFlag                            0x08002021   Thumb Code    18  stm32f4xx_rcc.o(.text)
    RCC_GetITStatus                          0x08002033   Thumb Code    22  stm32f4xx_rcc.o(.text)
    RCC_ClearITPendingBit                    0x08002049   Thumb Code     8  stm32f4xx_rcc.o(.text)
    SYSCFG_DeInit                            0x08002055   Thumb Code    22  stm32f4xx_syscfg.o(.text)
    SYSCFG_MemoryRemapConfig                 0x0800206b   Thumb Code     6  stm32f4xx_syscfg.o(.text)
    SYSCFG_MemorySwappingBank                0x08002071   Thumb Code     6  stm32f4xx_syscfg.o(.text)
    SYSCFG_EXTILineConfig                    0x08002077   Thumb Code    66  stm32f4xx_syscfg.o(.text)
    SYSCFG_ETH_MediaInterfaceConfig          0x080020b9   Thumb Code     8  stm32f4xx_syscfg.o(.text)
    SYSCFG_CompensationCellCmd               0x080020c1   Thumb Code     6  stm32f4xx_syscfg.o(.text)
    SYSCFG_GetCompensationCellStatus         0x080020c7   Thumb Code    22  stm32f4xx_syscfg.o(.text)
    TIM_DeInit                               0x080020e9   Thumb Code   346  stm32f4xx_tim.o(.text)
    TIM_TimeBaseInit                         0x08002243   Thumb Code   104  stm32f4xx_tim.o(.text)
    TIM_TimeBaseStructInit                   0x080022ab   Thumb Code    18  stm32f4xx_tim.o(.text)
    TIM_PrescalerConfig                      0x080022bd   Thumb Code     6  stm32f4xx_tim.o(.text)
    TIM_CounterModeConfig                    0x080022c3   Thumb Code    18  stm32f4xx_tim.o(.text)
    TIM_SetCounter                           0x080022d5   Thumb Code     4  stm32f4xx_tim.o(.text)
    TIM_SetAutoreload                        0x080022d9   Thumb Code     4  stm32f4xx_tim.o(.text)
    TIM_GetCounter                           0x080022dd   Thumb Code     6  stm32f4xx_tim.o(.text)
    TIM_GetPrescaler                         0x080022e3   Thumb Code     6  stm32f4xx_tim.o(.text)
    TIM_UpdateDisableConfig                  0x080022e9   Thumb Code    24  stm32f4xx_tim.o(.text)
    TIM_UpdateRequestConfig                  0x08002301   Thumb Code    24  stm32f4xx_tim.o(.text)
    TIM_ARRPreloadConfig                     0x08002319   Thumb Code    24  stm32f4xx_tim.o(.text)
    TIM_SelectOnePulseMode                   0x08002331   Thumb Code    18  stm32f4xx_tim.o(.text)
    TIM_SetClockDivision                     0x08002343   Thumb Code    18  stm32f4xx_tim.o(.text)
    TIM_Cmd                                  0x08002355   Thumb Code    24  stm32f4xx_tim.o(.text)
    TIM_OC1Init                              0x0800236d   Thumb Code   114  stm32f4xx_tim.o(.text)
    TIM_OC2Init                              0x080023df   Thumb Code   154  stm32f4xx_tim.o(.text)
    TIM_OC3Init                              0x08002479   Thumb Code   204  stm32f4xx_tim.o(.text)
    TIM_OC4Init                              0x08002545   Thumb Code   112  stm32f4xx_tim.o(.text)
    TIM_OCStructInit                         0x080025b5   Thumb Code    20  stm32f4xx_tim.o(.text)
    TIM_SelectOCxM                           0x080025c9   Thumb Code    86  stm32f4xx_tim.o(.text)
    TIM_SetCompare1                          0x0800261f   Thumb Code     4  stm32f4xx_tim.o(.text)
    TIM_SetCompare2                          0x08002623   Thumb Code     4  stm32f4xx_tim.o(.text)
    TIM_SetCompare3                          0x08002627   Thumb Code     4  stm32f4xx_tim.o(.text)
    TIM_SetCompare4                          0x0800262b   Thumb Code     4  stm32f4xx_tim.o(.text)
    TIM_ForcedOC1Config                      0x0800262f   Thumb Code    18  stm32f4xx_tim.o(.text)
    TIM_ForcedOC2Config                      0x08002641   Thumb Code    26  stm32f4xx_tim.o(.text)
    TIM_ForcedOC3Config                      0x0800265b   Thumb Code    18  stm32f4xx_tim.o(.text)
    TIM_ForcedOC4Config                      0x0800266d   Thumb Code    26  stm32f4xx_tim.o(.text)
    TIM_OC1PreloadConfig                     0x08002687   Thumb Code    18  stm32f4xx_tim.o(.text)
    TIM_OC2PreloadConfig                     0x08002699   Thumb Code    26  stm32f4xx_tim.o(.text)
    TIM_OC3PreloadConfig                     0x080026b3   Thumb Code    18  stm32f4xx_tim.o(.text)
    TIM_OC4PreloadConfig                     0x080026c5   Thumb Code    26  stm32f4xx_tim.o(.text)
    TIM_OC1FastConfig                        0x080026df   Thumb Code    18  stm32f4xx_tim.o(.text)
    TIM_OC2FastConfig                        0x080026f1   Thumb Code    26  stm32f4xx_tim.o(.text)
    TIM_OC3FastConfig                        0x0800270b   Thumb Code    18  stm32f4xx_tim.o(.text)
    TIM_OC4FastConfig                        0x0800271d   Thumb Code    26  stm32f4xx_tim.o(.text)
    TIM_ClearOC1Ref                          0x08002737   Thumb Code    18  stm32f4xx_tim.o(.text)
    TIM_ClearOC2Ref                          0x08002749   Thumb Code    24  stm32f4xx_tim.o(.text)
    TIM_ClearOC3Ref                          0x08002761   Thumb Code    18  stm32f4xx_tim.o(.text)
    TIM_ClearOC4Ref                          0x08002773   Thumb Code    24  stm32f4xx_tim.o(.text)
    TIM_OC1PolarityConfig                    0x0800278b   Thumb Code    18  stm32f4xx_tim.o(.text)
    TIM_OC1NPolarityConfig                   0x0800279d   Thumb Code    18  stm32f4xx_tim.o(.text)
    TIM_OC2PolarityConfig                    0x080027af   Thumb Code    26  stm32f4xx_tim.o(.text)
    TIM_OC2NPolarityConfig                   0x080027c9   Thumb Code    26  stm32f4xx_tim.o(.text)
    TIM_OC3PolarityConfig                    0x080027e3   Thumb Code    26  stm32f4xx_tim.o(.text)
    TIM_OC3NPolarityConfig                   0x080027fd   Thumb Code    26  stm32f4xx_tim.o(.text)
    TIM_OC4PolarityConfig                    0x08002817   Thumb Code    26  stm32f4xx_tim.o(.text)
    TIM_CCxCmd                               0x08002831   Thumb Code    30  stm32f4xx_tim.o(.text)
    TIM_CCxNCmd                              0x0800284f   Thumb Code    30  stm32f4xx_tim.o(.text)
    TIM_SetIC4Prescaler                      0x0800286d   Thumb Code    26  stm32f4xx_tim.o(.text)
    TIM_SetIC3Prescaler                      0x080028d7   Thumb Code    18  stm32f4xx_tim.o(.text)
    TIM_SetIC2Prescaler                      0x08002931   Thumb Code    26  stm32f4xx_tim.o(.text)
    TIM_SetIC1Prescaler                      0x080029a5   Thumb Code    18  stm32f4xx_tim.o(.text)
    TIM_ICInit                               0x080029f1   Thumb Code   110  stm32f4xx_tim.o(.text)
    TIM_ICStructInit                         0x08002a5f   Thumb Code    18  stm32f4xx_tim.o(.text)
    TIM_PWMIConfig                           0x08002a71   Thumb Code   124  stm32f4xx_tim.o(.text)
    TIM_GetCapture1                          0x08002aed   Thumb Code     6  stm32f4xx_tim.o(.text)
    TIM_GetCapture2                          0x08002af3   Thumb Code     6  stm32f4xx_tim.o(.text)
    TIM_GetCapture3                          0x08002af9   Thumb Code     6  stm32f4xx_tim.o(.text)
    TIM_GetCapture4                          0x08002aff   Thumb Code     6  stm32f4xx_tim.o(.text)
    TIM_BDTRConfig                           0x08002b05   Thumb Code    32  stm32f4xx_tim.o(.text)
    TIM_BDTRStructInit                       0x08002b25   Thumb Code    18  stm32f4xx_tim.o(.text)
    TIM_CtrlPWMOutputs                       0x08002b37   Thumb Code    30  stm32f4xx_tim.o(.text)
    TIM_SelectCOM                            0x08002b55   Thumb Code    24  stm32f4xx_tim.o(.text)
    TIM_CCPreloadControl                     0x08002b6d   Thumb Code    24  stm32f4xx_tim.o(.text)
    TIM_ITConfig                             0x08002b85   Thumb Code    18  stm32f4xx_tim.o(.text)
    TIM_GenerateEvent                        0x08002b97   Thumb Code     4  stm32f4xx_tim.o(.text)
    TIM_GetFlagStatus                        0x08002b9b   Thumb Code    18  stm32f4xx_tim.o(.text)
    TIM_ClearFlag                            0x08002bad   Thumb Code     6  stm32f4xx_tim.o(.text)
    TIM_GetITStatus                          0x08002bb3   Thumb Code    34  stm32f4xx_tim.o(.text)
    TIM_ClearITPendingBit                    0x08002bd5   Thumb Code     6  stm32f4xx_tim.o(.text)
    TIM_DMAConfig                            0x08002bdb   Thumb Code    10  stm32f4xx_tim.o(.text)
    TIM_DMACmd                               0x08002be5   Thumb Code    18  stm32f4xx_tim.o(.text)
    TIM_SelectCCDMA                          0x08002bf7   Thumb Code    24  stm32f4xx_tim.o(.text)
    TIM_InternalClockConfig                  0x08002c0f   Thumb Code    12  stm32f4xx_tim.o(.text)
    TIM_SelectInputTrigger                   0x08002c1b   Thumb Code    18  stm32f4xx_tim.o(.text)
    TIM_ITRxExternalClockConfig              0x08002c2d   Thumb Code    24  stm32f4xx_tim.o(.text)
    TIM_TIxExternalClockConfig               0x08002c45   Thumb Code    62  stm32f4xx_tim.o(.text)
    TIM_ETRConfig                            0x08002c83   Thumb Code    28  stm32f4xx_tim.o(.text)
    TIM_ETRClockMode1Config                  0x08002c9f   Thumb Code    54  stm32f4xx_tim.o(.text)
    TIM_ETRClockMode2Config                  0x08002cd5   Thumb Code    32  stm32f4xx_tim.o(.text)
    TIM_SelectOutputTrigger                  0x08002cf5   Thumb Code    18  stm32f4xx_tim.o(.text)
    TIM_SelectSlaveMode                      0x08002d07   Thumb Code    18  stm32f4xx_tim.o(.text)
    TIM_SelectMasterSlaveMode                0x08002d19   Thumb Code    18  stm32f4xx_tim.o(.text)
    TIM_EncoderInterfaceConfig               0x08002d2b   Thumb Code    66  stm32f4xx_tim.o(.text)
    TIM_SelectHallSensor                     0x08002d6d   Thumb Code    24  stm32f4xx_tim.o(.text)
    TIM_RemapConfig                          0x08002d85   Thumb Code     6  stm32f4xx_tim.o(.text)
    USART_DeInit                             0x08002d8d   Thumb Code   206  stm32f4xx_usart.o(.text)
    USART_Init                               0x08002e5b   Thumb Code   204  stm32f4xx_usart.o(.text)
    USART_StructInit                         0x08002f27   Thumb Code    24  stm32f4xx_usart.o(.text)
    USART_ClockInit                          0x08002f3f   Thumb Code    32  stm32f4xx_usart.o(.text)
    USART_ClockStructInit                    0x08002f5f   Thumb Code    12  stm32f4xx_usart.o(.text)
    USART_Cmd                                0x08002f6b   Thumb Code    24  stm32f4xx_usart.o(.text)
    USART_SetPrescaler                       0x08002f83   Thumb Code    16  stm32f4xx_usart.o(.text)
    USART_OverSampling8Cmd                   0x08002f93   Thumb Code    22  stm32f4xx_usart.o(.text)
    USART_OneBitMethodCmd                    0x08002fa9   Thumb Code    24  stm32f4xx_usart.o(.text)
    USART_SendData                           0x08002fc1   Thumb Code     8  stm32f4xx_usart.o(.text)
    USART_ReceiveData                        0x08002fc9   Thumb Code    10  stm32f4xx_usart.o(.text)
    USART_SetAddress                         0x08002fd3   Thumb Code    18  stm32f4xx_usart.o(.text)
    USART_ReceiverWakeUpCmd                  0x08002fe5   Thumb Code    24  stm32f4xx_usart.o(.text)
    USART_WakeUpConfig                       0x08002ffd   Thumb Code    18  stm32f4xx_usart.o(.text)
    USART_LINBreakDetectLengthConfig         0x0800300f   Thumb Code    18  stm32f4xx_usart.o(.text)
    USART_LINCmd                             0x08003021   Thumb Code    24  stm32f4xx_usart.o(.text)
    USART_SendBreak                          0x08003039   Thumb Code    10  stm32f4xx_usart.o(.text)
    USART_HalfDuplexCmd                      0x08003043   Thumb Code    24  stm32f4xx_usart.o(.text)
    USART_SetGuardTime                       0x0800305b   Thumb Code    16  stm32f4xx_usart.o(.text)
    USART_SmartCardCmd                       0x0800306b   Thumb Code    24  stm32f4xx_usart.o(.text)
    USART_SmartCardNACKCmd                   0x08003083   Thumb Code    24  stm32f4xx_usart.o(.text)
    USART_IrDAConfig                         0x0800309b   Thumb Code    18  stm32f4xx_usart.o(.text)
    USART_IrDACmd                            0x080030ad   Thumb Code    24  stm32f4xx_usart.o(.text)
    USART_DMACmd                             0x080030c5   Thumb Code    18  stm32f4xx_usart.o(.text)
    USART_ITConfig                           0x080030d7   Thumb Code    74  stm32f4xx_usart.o(.text)
    USART_GetFlagStatus                      0x08003121   Thumb Code    26  stm32f4xx_usart.o(.text)
    USART_ClearFlag                          0x0800313b   Thumb Code    18  stm32f4xx_usart.o(.text)
    USART_GetITStatus                        0x0800314d   Thumb Code   118  stm32f4xx_usart.o(.text)
    USART_ClearITPendingBit                  0x080031c3   Thumb Code    30  stm32f4xx_usart.o(.text)
    delay_init                               0x080031e1   Thumb Code    52  delay.o(.text)
    delay_us                                 0x08003215   Thumb Code    72  delay.o(.text)
    delay_xms                                0x0800325d   Thumb Code    72  delay.o(.text)
    delay_ms                                 0x080032a5   Thumb Code    56  delay.o(.text)
    _sys_exit                                0x080032e5   Thumb Code     6  usart.o(.text)
    fputc                                    0x080032eb   Thumb Code    22  usart.o(.text)
    uart_init                                0x08003301   Thumb Code   488  usart.o(.text)
    USART1_IRQHandler                        0x080034e9   Thumb Code    92  usart.o(.text)
    USART2_IRQHandler                        0x08003545   Thumb Code   164  usart.o(.text)
    USART3_IRQHandler                        0x080035e9   Thumb Code    92  usart.o(.text)
    TIM2_Int_Init                            0x08003685   Thumb Code    92  timer.o(.text)
    TIM2_IRQHandler                          0x080036e1   Thumb Code   614  timer.o(.text)
    hctl2020_init                            0x08003975   Thumb Code   178  hctl2020.o(.text)
    HCTL2020_DATA                            0x08003a27   Thumb Code   108  hctl2020.o(.text)
    hctl2020_getdata_0                       0x08003a93   Thumb Code   146  hctl2020.o(.text)
    hctl2020_getdata_1                       0x08003b25   Thumb Code   144  hctl2020.o(.text)
    hctl2020_getdata_2                       0x08003bb5   Thumb Code   150  hctl2020.o(.text)
    hctl2020_RST0                            0x08003c4b   Thumb Code    26  hctl2020.o(.text)
    hctl2020_RST1                            0x08003c65   Thumb Code    24  hctl2020.o(.text)
    hctl2020_RST2                            0x08003c7d   Thumb Code    26  hctl2020.o(.text)
    LCD_WR_REG                               0x08003cc9   Thumb Code    18  lcd.o(.text)
    LCD_WR_DATA                              0x08003cdb   Thumb Code    20  lcd.o(.text)
    LCD_RD_DATA                              0x08003cef   Thumb Code    16  lcd.o(.text)
    LCD_WriteReg                             0x08003cff   Thumb Code    24  lcd.o(.text)
    LCD_ReadReg                              0x08003d17   Thumb Code    22  lcd.o(.text)
    LCD_WriteRAM_Prepare                     0x08003d2d   Thumb Code    10  lcd.o(.text)
    LCD_WriteRAM                             0x08003d37   Thumb Code     8  lcd.o(.text)
    LCD_BGR2RGB                              0x08003d3f   Thumb Code    26  lcd.o(.text)
    opt_delay                                0x08003d59   Thumb Code    14  lcd.o(.text)
    LCD_SetCursor                            0x08003d67   Thumb Code   262  lcd.o(.text)
    LCD_ReadPoint                            0x08003e6d   Thumb Code   356  lcd.o(.text)
    LCD_DisplayOn                            0x08003fd1   Thumb Code    80  lcd.o(.text)
    LCD_DisplayOff                           0x08004021   Thumb Code    78  lcd.o(.text)
    LCD_Scan_Dir                             0x0800406f   Thumb Code   688  lcd.o(.text)
    LCD_DrawPoint                            0x0800431f   Thumb Code    28  lcd.o(.text)
    LCD_Fast_DrawPoint                       0x0800433b   Thumb Code   282  lcd.o(.text)
    LCD_Display_Dir                          0x08004455   Thumb Code   380  lcd.o(.text)
    LCD_Set_Window                           0x080045d1   Thumb Code   382  lcd.o(.text)
    LCD_Clear                                0x0800474f   Thumb Code   100  lcd.o(.text)
    LCD_Init                                 0x080047b3   Thumb Code 14232  lcd.o(.text)
    LCD_Fill                                 0x08007f4b   Thumb Code   180  lcd.o(.text)
    LCD_Color_Fill                           0x08007fff   Thumb Code    92  lcd.o(.text)
    LCD_DrawLine                             0x0800805b   Thumb Code   176  lcd.o(.text)
    LCD_DrawRectangle                        0x0800810b   Thumb Code    60  lcd.o(.text)
    LCD_Draw_Circle                          0x08008147   Thumb Code   166  lcd.o(.text)
    LCD_ShowChar                             0x080081ed   Thumb Code   272  lcd.o(.text)
    LCD_Pow                                  0x080082fd   Thumb Code    22  lcd.o(.text)
    LCD_ShowNum                              0x08008313   Thumb Code   148  lcd.o(.text)
    LCD_ShowxNum                             0x080083a7   Thumb Code   190  lcd.o(.text)
    LCD_ShowString                           0x08008465   Thumb Code   102  lcd.o(.text)
    LCD_Show_Title                           0x080084cb   Thumb Code   852  lcd.o(.text)
    LCD_Show_lcj                             0x0800881f   Thumb Code   296  lcd.o(.text)
    LCD_Show_v                               0x08008947   Thumb Code   420  lcd.o(.text)
    LCD_Show_pwm                             0x08008aeb   Thumb Code   610  lcd.o(.text)
    LCD_Show_V                               0x08008d4d   Thumb Code   512  lcd.o(.text)
    LCD_Show_position                        0x08008f4d   Thumb Code   520  lcd.o(.text)
    TIM3_ch4_PWM_Init                        0x08009155   Thumb Code   152  pwm.o(.text)
    TIM3_ch3_PWM_Init                        0x080091ed   Thumb Code   152  pwm.o(.text)
    TIM3_ch2_PWM_Init                        0x08009285   Thumb Code   150  pwm.o(.text)
    TIM3_ch1_PWM_Init                        0x0800931b   Thumb Code   150  pwm.o(.text)
    TIM5_ch2_PWM_Init                        0x080093b1   Thumb Code   148  pwm.o(.text)
    TIM13_ch1_PWM_Init                       0x08009445   Thumb Code   150  pwm.o(.text)
    TIM11_ch1_PWM_Init                       0x080094db   Thumb Code   182  pwm.o(.text)
    TIM10_ch1_PWM_Init                       0x08009591   Thumb Code   152  pwm.o(.text)
    TIM9_ch2_PWM_Init                        0x08009629   Thumb Code   150  pwm.o(.text)
    TIM9_ch1_PWM_Init                        0x080096bf   Thumb Code   150  pwm.o(.text)
    initall_PWM                              0x08009755   Thumb Code   102  pwm.o(.text)
    doing_PWM                                0x080097bb   Thumb Code   120  pwm.o(.text)
    TIM12_ch1_PWM_Init                       0x08009833   Thumb Code   152  pwm.o(.text)
    TIM14_PWM_Init                           0x080098cb   Thumb Code   152  pwm.o(.text)
    TIM4_ch1_PWM_Init                        0x08009963   Thumb Code   202  pwm.o(.text)
    TIM4_ch2_PWM_Init                        0x08009a2d   Thumb Code   150  pwm.o(.text)
    TIM4_ch3_PWM_Init                        0x08009ac3   Thumb Code   152  pwm.o(.text)
    TIM4_ch4_PWM_Init                        0x08009b5b   Thumb Code   152  pwm.o(.text)
    charge                                   0x08009bfd   Thumb Code    26  control.o(.text)
    control3_W                               0x08009c17   Thumb Code    86  control.o(.text)
    control2_W                               0x08009c6d   Thumb Code    86  control.o(.text)
    control1_W                               0x08009cc3   Thumb Code    86  control.o(.text)
    control_init                             0x08009d19   Thumb Code   196  control.o(.text)
    shot_init                                0x08009ddd   Thumb Code    56  control.o(.text)
    xianwei_init                             0x08009e15   Thumb Code    42  control.o(.text)
    hongwai_init                             0x08009e3f   Thumb Code    44  control.o(.text)
    get_hongwai                              0x08009e6b   Thumb Code    24  control.o(.text)
    get_hongwai_dixian                       0x08009e83   Thumb Code    54  control.o(.text)
    get_position                             0x08009eb9   Thumb Code   844  control.o(.text)
    set_motor_vx_vy_w                        0x0800a205   Thumb Code   660  control.o(.text)
    set_motor_vx_vy_w_R                      0x0800a499   Thumb Code   424  control.o(.text)
    xianwei_down                             0x0800a641   Thumb Code    12  control.o(.text)
    xianwei_up                               0x0800a64d   Thumb Code    12  control.o(.text)
    shot                                     0x0800a659   Thumb Code    84  control.o(.text)
    jixiebi_down                             0x0800a6ad   Thumb Code   202  control.o(.text)
    jixiebi_up                               0x0800a777   Thumb Code   194  control.o(.text)
    down_shot_up                             0x0800a839   Thumb Code    62  control.o(.text)
    robot_straight_Y                         0x0800a877   Thumb Code   816  control.o(.text)
    robot_turnOrigin_stage                   0x0800aba7   Thumb Code   894  control.o(.text)
    robot_straight_stage                     0x0800af25   Thumb Code  1864  control.o(.text)
    uart_getLaser                            0x0800b66d   Thumb Code   406  control.o(.text)
    robot_straight_ObsAvoidance              0x0800b803   Thumb Code  3432  control.o(.text)
    robot_turnOrigin                         0x0800c56b   Thumb Code   808  control.o(.text)
    robot_straight_I                         0x0800c893   Thumb Code  1282  control.o(.text)
    get_red_basketball                       0x0800cd95   Thumb Code    12  control.o(.text)
    get_red_volleyball                       0x0800cda1   Thumb Code    12  control.o(.text)
    get_blue_basketball                      0x0800cdad   Thumb Code    12  control.o(.text)
    get_blue_volleyball                      0x0800cdb9   Thumb Code    12  control.o(.text)
    get_dingweizhu                           0x0800cdc5   Thumb Code    12  control.o(.text)
    get_lankuang                             0x0800cdd1   Thumb Code    12  control.o(.text)
    get_weizhi_dis                           0x0800cddd   Thumb Code    12  control.o(.text)
    get_border                               0x0800cde9   Thumb Code    12  control.o(.text)
    get_along_border                         0x0800cdf5   Thumb Code    12  control.o(.text)
    uart_getData                             0x0800ce01   Thumb Code   414  control.o(.text)
    find_ball                                0x0800cf9f   Thumb Code  1712  control.o(.text)
    find_ball_sanfen                         0x0800d64f   Thumb Code  2446  control.o(.text)
    find_ball_laser                          0x0800dfdd   Thumb Code  1208  control.o(.text)
    find_ball_zhongquan                      0x0800e495   Thumb Code  1438  control.o(.text)
    find_ball_dixian                         0x0800ea33   Thumb Code  1466  control.o(.text)
    find_lankuang                            0x0800efed   Thumb Code  2894  control.o(.text)
    remote_control                           0x0800fb3b   Thumb Code   226  control.o(.text)
    charge_init                              0x0800fc1d   Thumb Code    56  control.o(.text)
    LED_Init                                 0x0800fc65   Thumb Code    60  led.o(.text)
    Remote_Init                              0x0800fca5   Thumb Code   218  remote.o(.text)
    TIM1_UP_TIM10_IRQHandler                 0x0800fd7f   Thumb Code   112  remote.o(.text)
    TIM1_CC_IRQHandler                       0x0800fdef   Thumb Code   286  remote.o(.text)
    Remote_Scan                              0x0800ff0d   Thumb Code   110  remote.o(.text)
    MPU_Init                                 0x0800ff99   Thumb Code   120  mpu6050.o(.text)
    BEEP_Init                                0x08010015   Thumb Code    60  beep.o(.text)
    EXTIX_Init                               0x08010055   Thumb Code   140  exti.o(.text)
    EXTIX_Disable                            0x080100e1   Thumb Code    70  exti.o(.text)
    EXTIX_Enable                             0x08010127   Thumb Code    70  exti.o(.text)
    EXTI0_IRQHandler                         0x0801016d   Thumb Code    38  exti.o(.text)
    EXTI1_IRQHandler                         0x08010193   Thumb Code    38  exti.o(.text)
    __use_no_semihosting                     0x080101bd   Thumb Code     2  use_no_semi_2.o(.text)
    __2printf                                0x080101c1   Thumb Code    20  noretval__2printf.o(.text)
    __printf                                 0x080101d9   Thumb Code   104  __printf.o(.text)
    _printf_int_hex                          0x08010241   Thumb Code    84  _printf_hex_int.o(.text)
    _printf_longlong_hex                     0x08010241   Thumb Code     0  _printf_hex_int.o(.text)
    __use_two_region_memory                  0x08010299   Thumb Code     2  heapauxi.o(.text)
    __rt_heap_escrow$2region                 0x0801029b   Thumb Code     2  heapauxi.o(.text)
    __rt_heap_expand$2region                 0x0801029d   Thumb Code     2  heapauxi.o(.text)
    __I$use$semihosting                      0x0801029f   Thumb Code     0  use_no_semi.o(.text)
    __use_no_semihosting_swi                 0x0801029f   Thumb Code     2  use_no_semi.o(.text)
    __read_errno                             0x080102a1   Thumb Code    10  _rserrno.o(.text)
    __set_errno                              0x080102ab   Thumb Code    12  _rserrno.o(.text)
    _printf_int_common                       0x080102b7   Thumb Code   178  _printf_intcommon.o(.text)
    _printf_char_file                        0x08010369   Thumb Code    32  _printf_char_file.o(.text)
    __aeabi_errno_addr                       0x0801038d   Thumb Code     8  rt_errno_addr_intlibspace.o(.text)
    __errno$intlibspace                      0x0801038d   Thumb Code     0  rt_errno_addr_intlibspace.o(.text)
    __rt_errno_addr$intlibspace              0x0801038d   Thumb Code     0  rt_errno_addr_intlibspace.o(.text)
    _printf_char_common                      0x0801039f   Thumb Code    32  _printf_char_common.o(.text)
    ferror                                   0x080103c5   Thumb Code     8  ferror.o(.text)
    __user_libspace                          0x080103cd   Thumb Code     8  libspace.o(.text)
    __user_perproc_libspace                  0x080103cd   Thumb Code     0  libspace.o(.text)
    __user_perthread_libspace                0x080103cd   Thumb Code     0  libspace.o(.text)
    __user_setup_stackheap                   0x080103d5   Thumb Code    74  sys_stackheap_outer.o(.text)
    exit                                     0x0801041f   Thumb Code    12  exit.o(.text)
    __ARM_fpclassify                         0x0801042b   Thumb Code    48  fpclassify.o(i.__ARM_fpclassify)
    __hardfp_atan                            0x08010461   Thumb Code   632  atan.o(i.__hardfp_atan)
    __hardfp_cos                             0x08010741   Thumb Code   200  cos.o(i.__hardfp_cos)
    __hardfp_fabs                            0x08010819   Thumb Code    20  fabs.o(i.__hardfp_fabs)
    __hardfp_sin                             0x08010831   Thumb Code   200  sin.o(i.__hardfp_sin)
    __hardfp_sqrt                            0x08010909   Thumb Code   122  sqrt.o(i.__hardfp_sqrt)
    __ieee754_rem_pio2                       0x08010989   Thumb Code   938  rred.o(i.__ieee754_rem_pio2)
    __kernel_cos                             0x08010dc1   Thumb Code   322  cos_i.o(i.__kernel_cos)
    __kernel_poly                            0x08010f31   Thumb Code   248  poly.o(i.__kernel_poly)
    __kernel_sin                             0x08011029   Thumb Code   280  sin_i.o(i.__kernel_sin)
    __mathlib_dbl_underflow                  0x08011159   Thumb Code    24  dunder.o(i.__mathlib_dbl_underflow)
    fabs                                     0x08011179   Thumb Code    24  fabs.o(i.fabs)
    __aeabi_dneg                             0x08011191   Thumb Code     0  basic.o(x$fpl$basic)
    _dneg                                    0x08011191   Thumb Code     6  basic.o(x$fpl$basic)
    __aeabi_fneg                             0x08011197   Thumb Code     0  basic.o(x$fpl$basic)
    _fneg                                    0x08011197   Thumb Code     6  basic.o(x$fpl$basic)
    _dabs                                    0x0801119d   Thumb Code     6  basic.o(x$fpl$basic)
    _fabs                                    0x080111a3   Thumb Code     6  basic.o(x$fpl$basic)
    __aeabi_d2f                              0x080111a9   Thumb Code     0  d2f.o(x$fpl$d2f)
    _d2f                                     0x080111a9   Thumb Code    98  d2f.o(x$fpl$d2f)
    __aeabi_dadd                             0x0801120d   Thumb Code     0  daddsub_clz.o(x$fpl$dadd)
    _dadd                                    0x0801120d   Thumb Code   332  daddsub_clz.o(x$fpl$dadd)
    __fpl_dcmp_Inf                           0x0801135d   Thumb Code    24  dcmpi.o(x$fpl$dcmpinf)
    __aeabi_ddiv                             0x08011375   Thumb Code     0  ddiv.o(x$fpl$ddiv)
    _ddiv                                    0x08011375   Thumb Code   552  ddiv.o(x$fpl$ddiv)
    __aeabi_d2iz                             0x08011625   Thumb Code     0  dfix.o(x$fpl$dfix)
    _dfix                                    0x08011625   Thumb Code    94  dfix.o(x$fpl$dfix)
    __aeabi_i2d                              0x08011683   Thumb Code     0  dflt_clz.o(x$fpl$dflt)
    _dflt                                    0x08011683   Thumb Code    46  dflt_clz.o(x$fpl$dflt)
    __aeabi_ui2d                             0x080116b1   Thumb Code     0  dflt_clz.o(x$fpl$dfltu)
    _dfltu                                   0x080116b1   Thumb Code    38  dflt_clz.o(x$fpl$dfltu)
    __aeabi_cdcmple                          0x080116d9   Thumb Code     0  dleqf.o(x$fpl$dleqf)
    _dcmple                                  0x080116d9   Thumb Code   120  dleqf.o(x$fpl$dleqf)
    __fpl_dcmple_InfNaN                      0x0801173b   Thumb Code     0  dleqf.o(x$fpl$dleqf)
    __aeabi_dmul                             0x08011751   Thumb Code     0  dmul.o(x$fpl$dmul)
    _dmul                                    0x08011751   Thumb Code   332  dmul.o(x$fpl$dmul)
    __fpl_dnaninf                            0x080118a5   Thumb Code   156  dnaninf.o(x$fpl$dnaninf)
    __fpl_dretinf                            0x08011941   Thumb Code    12  dretinf.o(x$fpl$dretinf)
    __aeabi_cdrcmple                         0x0801194d   Thumb Code     0  drleqf.o(x$fpl$drleqf)
    _drcmple                                 0x0801194d   Thumb Code   108  drleqf.o(x$fpl$drleqf)
    __aeabi_drsub                            0x080119b9   Thumb Code     0  daddsub_clz.o(x$fpl$drsb)
    _drsb                                    0x080119b9   Thumb Code    22  daddsub_clz.o(x$fpl$drsb)
    _dsqrt                                   0x080119d1   Thumb Code   404  dsqrt_umaal.o(x$fpl$dsqrt)
    __aeabi_dsub                             0x08011b69   Thumb Code     0  daddsub_clz.o(x$fpl$dsub)
    _dsub                                    0x08011b69   Thumb Code   464  daddsub_clz.o(x$fpl$dsub)
    __aeabi_f2d                              0x08011d3d   Thumb Code     0  f2d.o(x$fpl$f2d)
    _f2d                                     0x08011d3d   Thumb Code    86  f2d.o(x$fpl$f2d)
    __fpl_fnaninf                            0x08011d93   Thumb Code   140  fnaninf.o(x$fpl$fnaninf)
    _fp_init                                 0x08011e1f   Thumb Code    10  fpinit.o(x$fpl$fpinit)
    __fplib_config_fpu_vfp                   0x08011e27   Thumb Code     0  fpinit.o(x$fpl$fpinit)
    __fplib_config_pureend_doubles           0x08011e27   Thumb Code     0  fpinit.o(x$fpl$fpinit)
    __fpl_fretinf                            0x08011e29   Thumb Code    10  fretinf.o(x$fpl$fretinf)
    __I$use$fp                               0x08011e32   Number         0  usenofp.o(x$fpl$usenofp)
    FSMC_DefaultTimingStruct                 0x08011e34   Data          28  stm32f4xx_fsmc.o(.constdata)
    asc2_1206                                0x08011e50   Data        1140  lcd.o(.constdata)
    asc2_1608                                0x080122c4   Data        1520  lcd.o(.constdata)
    asc2_2412                                0x080128b4   Data        3420  lcd.o(.constdata)
    Region$$Table$$Base                      0x080137f0   Number         0  anon$$obj.o(Region$$Table)
    Region$$Table$$Limit                     0x08013810   Number         0  anon$$obj.o(Region$$Table)
    SystemCoreClock                          0x20000000   Data           4  system_stm32f4xx.o(.data)
    AHBPrescTable                            0x20000004   Data          16  system_stm32f4xx.o(.data)
    __stdout                                 0x20000028   Data           4  usart.o(.data)
    USART_RX_STA                             0x2000002c   Data           2  usart.o(.data)
    USART2_RX_STA                            0x2000002e   Data           2  usart.o(.data)
    USART3_RX_STA                            0x20000030   Data           2  usart.o(.data)
    receive                                  0x20000032   Data           1  usart.o(.data)
    receive2                                 0x20000033   Data           1  usart.o(.data)
    receive_start                            0x20000034   Data           1  usart.o(.data)
    usart2_sum                               0x20000035   Data           1  usart.o(.data)
    receive3                                 0x20000036   Data           1  usart.o(.data)
    count                                    0x20000037   Data           1  timer.o(.data)
    POINT_COLOR                              0x20000038   Data           2  lcd.o(.data)
    BACK_COLOR                               0x2000003a   Data           2  lcd.o(.data)
    uart_data                                0x2000003c   Data          12  control.o(.data)
    uart3_data                               0x20000048   Data          12  control.o(.data)
    RmtSta                                   0x20000054   Data           1  remote.o(.data)
    Dval                                     0x20000056   Data           2  remote.o(.data)
    RmtRec                                   0x20000058   Data           4  remote.o(.data)
    RmtCnt                                   0x2000005c   Data           1  remote.o(.data)
    USART_RX_BUF                             0x20000060   Data         200  usart.o(.bss)
    USART2_RX_BUF                            0x20000128   Data         200  usart.o(.bss)
    USART3_RX_BUF                            0x200001f0   Data         200  usart.o(.bss)
    lcddev                                   0x200002b8   Data          14  lcd.o(.bss)
    robot_zqd                                0x200002c8   Data          68  control.o(.bss)
    __libspace_start                         0x2000030c   Data          96  libspace.o(.bss)
    __temporary_stack_top$libspace           0x2000036c   Data           0  libspace.o(.bss)



==============================================================================

Memory Map of the image

  Image Entry point : 0x08000189

  Load Region LR_IROM1 (Base: 0x08000000, Size: 0x00013870, Max: 0x00100000, ABSOLUTE)

    Execution Region ER_IROM1 (Base: 0x08000000, Size: 0x00013810, Max: 0x00100000, ABSOLUTE)

    Base Addr    Size         Type   Attr      Idx    E Section Name        Object

    0x08000000   0x00000188   Data   RO          227    RESET               startup_stm32f40_41xxx.o
    0x08000188   0x00000008   Code   RO         1385  * !!!main             c_w.l(__main.o)
    0x08000190   0x00000034   Code   RO         1678    !!!scatter          c_w.l(__scatter.o)
    0x080001c4   0x0000001a   Code   RO         1680    !!handler_copy      c_w.l(__scatter_copy.o)
    0x080001de   0x00000002   PAD
    0x080001e0   0x0000001c   Code   RO         1682    !!handler_zi        c_w.l(__scatter_zi.o)
    0x080001fc   0x00000000   Code   RO         1382    .ARM.Collect$$_printf_percent$$00000000  c_w.l(_printf_percent.o)
    0x080001fc   0x00000006   Code   RO         1381    .ARM.Collect$$_printf_percent$$0000000C  c_w.l(_printf_x.o)
    0x08000202   0x00000004   Code   RO         1476    .ARM.Collect$$_printf_percent$$00000017  c_w.l(_printf_percent_end.o)
    0x08000206   0x00000002   Code   RO         1558    .ARM.Collect$$libinit$$00000000  c_w.l(libinit.o)
    0x08000208   0x00000004   Code   RO         1561    .ARM.Collect$$libinit$$00000001  c_w.l(libinit2.o)
    0x0800020c   0x00000000   Code   RO         1565    .ARM.Collect$$libinit$$00000008  c_w.l(libinit2.o)
    0x0800020c   0x00000000   Code   RO         1567    .ARM.Collect$$libinit$$0000000A  c_w.l(libinit2.o)
    0x0800020c   0x00000000   Code   RO         1569    .ARM.Collect$$libinit$$0000000C  c_w.l(libinit2.o)
    0x0800020c   0x00000000   Code   RO         1572    .ARM.Collect$$libinit$$0000000F  c_w.l(libinit2.o)
    0x0800020c   0x00000000   Code   RO         1574    .ARM.Collect$$libinit$$00000011  c_w.l(libinit2.o)
    0x0800020c   0x00000000   Code   RO         1576    .ARM.Collect$$libinit$$00000013  c_w.l(libinit2.o)
    0x0800020c   0x00000000   Code   RO         1578    .ARM.Collect$$libinit$$00000015  c_w.l(libinit2.o)
    0x0800020c   0x00000000   Code   RO         1580    .ARM.Collect$$libinit$$00000017  c_w.l(libinit2.o)
    0x0800020c   0x00000000   Code   RO         1582    .ARM.Collect$$libinit$$00000019  c_w.l(libinit2.o)
    0x0800020c   0x00000000   Code   RO         1584    .ARM.Collect$$libinit$$0000001B  c_w.l(libinit2.o)
    0x0800020c   0x00000000   Code   RO         1586    .ARM.Collect$$libinit$$0000001D  c_w.l(libinit2.o)
    0x0800020c   0x00000000   Code   RO         1588    .ARM.Collect$$libinit$$0000001F  c_w.l(libinit2.o)
    0x0800020c   0x00000000   Code   RO         1590    .ARM.Collect$$libinit$$00000021  c_w.l(libinit2.o)
    0x0800020c   0x00000000   Code   RO         1592    .ARM.Collect$$libinit$$00000023  c_w.l(libinit2.o)
    0x0800020c   0x00000000   Code   RO         1596    .ARM.Collect$$libinit$$0000002A  c_w.l(libinit2.o)
    0x0800020c   0x00000000   Code   RO         1598    .ARM.Collect$$libinit$$0000002C  c_w.l(libinit2.o)
    0x0800020c   0x00000000   Code   RO         1600    .ARM.Collect$$libinit$$0000002E  c_w.l(libinit2.o)
    0x0800020c   0x00000000   Code   RO         1602    .ARM.Collect$$libinit$$00000030  c_w.l(libinit2.o)
    0x0800020c   0x00000002   Code   RO         1603    .ARM.Collect$$libinit$$00000031  c_w.l(libinit2.o)
    0x0800020e   0x00000002   Code   RO         1621    .ARM.Collect$$libshutdown$$00000000  c_w.l(libshutdown.o)
    0x08000210   0x00000000   Code   RO         1632    .ARM.Collect$$libshutdown$$00000003  c_w.l(libshutdown2.o)
    0x08000210   0x00000000   Code   RO         1635    .ARM.Collect$$libshutdown$$00000006  c_w.l(libshutdown2.o)
    0x08000210   0x00000000   Code   RO         1638    .ARM.Collect$$libshutdown$$00000009  c_w.l(libshutdown2.o)
    0x08000210   0x00000000   Code   RO         1640    .ARM.Collect$$libshutdown$$0000000B  c_w.l(libshutdown2.o)
    0x08000210   0x00000000   Code   RO         1643    .ARM.Collect$$libshutdown$$0000000E  c_w.l(libshutdown2.o)
    0x08000210   0x00000002   Code   RO         1644    .ARM.Collect$$libshutdown$$0000000F  c_w.l(libshutdown2.o)
    0x08000212   0x00000000   Code   RO         1469    .ARM.Collect$$rtentry$$00000000  c_w.l(rtentry.o)
    0x08000212   0x00000000   Code   RO         1515    .ARM.Collect$$rtentry$$00000002  c_w.l(rtentry2.o)
    0x08000212   0x00000006   Code   RO         1527    .ARM.Collect$$rtentry$$00000004  c_w.l(rtentry4.o)
    0x08000218   0x00000000   Code   RO         1517    .ARM.Collect$$rtentry$$00000009  c_w.l(rtentry2.o)
    0x08000218   0x00000004   Code   RO         1518    .ARM.Collect$$rtentry$$0000000A  c_w.l(rtentry2.o)
    0x0800021c   0x00000000   Code   RO         1520    .ARM.Collect$$rtentry$$0000000C  c_w.l(rtentry2.o)
    0x0800021c   0x00000008   Code   RO         1521    .ARM.Collect$$rtentry$$0000000D  c_w.l(rtentry2.o)
    0x08000224   0x00000002   Code   RO         1559    .ARM.Collect$$rtexit$$00000000  c_w.l(rtexit.o)
    0x08000226   0x00000000   Code   RO         1605    .ARM.Collect$$rtexit$$00000002  c_w.l(rtexit2.o)
    0x08000226   0x00000004   Code   RO         1606    .ARM.Collect$$rtexit$$00000003  c_w.l(rtexit2.o)
    0x0800022a   0x00000006   Code   RO         1607    .ARM.Collect$$rtexit$$00000004  c_w.l(rtexit2.o)
    0x08000230   0x00000b10   Code   RO            3    .text               main.o
    0x08000d40   0x0000001a   Code   RO          178    .text               stm32f4xx_it.o
    0x08000d5a   0x00000002   PAD
    0x08000d5c   0x00000210   Code   RO          201    .text               system_stm32f4xx.o
    0x08000f6c   0x00000040   Code   RO          228    .text               startup_stm32f40_41xxx.o
    0x08000fac   0x000000e0   Code   RO          234    .text               misc.o
    0x0800108c   0x00000110   Code   RO          523    .text               stm32f4xx_exti.o
    0x0800119c   0x000005c8   Code   RO          586    .text               stm32f4xx_fsmc.o
    0x08001764   0x00000294   Code   RO          609    .text               stm32f4xx_gpio.o
    0x080019f8   0x0000065c   Code   RO          772    .text               stm32f4xx_rcc.o
    0x08002054   0x00000094   Code   RO          897    .text               stm32f4xx_syscfg.o
    0x080020e8   0x00000ca2   Code   RO          917    .text               stm32f4xx_tim.o
    0x08002d8a   0x00000002   PAD
    0x08002d8c   0x00000454   Code   RO          937    .text               stm32f4xx_usart.o
    0x080031e0   0x00000104   Code   RO          977    .text               delay.o
    0x080032e4   0x000003a0   Code   RO         1017    .text               usart.o
    0x08003684   0x000002f0   Code   RO         1048    .text               timer.o
    0x08003974   0x00000354   Code   RO         1087    .text               hctl2020.o
    0x08003cc8   0x0000548c   Code   RO         1107    .text               lcd.o
    0x08009154   0x00000aa8   Code   RO         1138    .text               pwm.o
    0x08009bfc   0x00006068   Code   RO         1158    .text               control.o
    0x0800fc64   0x00000040   Code   RO         1199    .text               led.o
    0x0800fca4   0x000002f4   Code   RO         1243    .text               remote.o
    0x0800ff98   0x0000007c   Code   RO         1269    .text               mpu6050.o
    0x08010014   0x00000040   Code   RO         1289    .text               beep.o
    0x08010054   0x00000168   Code   RO         1309    .text               exti.o
    0x080101bc   0x00000002   Code   RO         1332    .text               c_w.l(use_no_semi_2.o)
    0x080101be   0x00000002   PAD
    0x080101c0   0x00000018   Code   RO         1336    .text               c_w.l(noretval__2printf.o)
    0x080101d8   0x00000068   Code   RO         1338    .text               c_w.l(__printf.o)
    0x08010240   0x00000058   Code   RO         1343    .text               c_w.l(_printf_hex_int.o)
    0x08010298   0x00000006   Code   RO         1383    .text               c_w.l(heapauxi.o)
    0x0801029e   0x00000002   Code   RO         1467    .text               c_w.l(use_no_semi.o)
    0x080102a0   0x00000016   Code   RO         1470    .text               c_w.l(_rserrno.o)
    0x080102b6   0x000000b2   Code   RO         1472    .text               c_w.l(_printf_intcommon.o)
    0x08010368   0x00000024   Code   RO         1474    .text               c_w.l(_printf_char_file.o)
    0x0801038c   0x00000008   Code   RO         1532    .text               c_w.l(rt_errno_addr_intlibspace.o)
    0x08010394   0x00000030   Code   RO         1534    .text               c_w.l(_printf_char_common.o)
    0x080103c4   0x00000008   Code   RO         1536    .text               c_w.l(ferror.o)
    0x080103cc   0x00000008   Code   RO         1544    .text               c_w.l(libspace.o)
    0x080103d4   0x0000004a   Code   RO         1547    .text               c_w.l(sys_stackheap_outer.o)
    0x0801041e   0x0000000c   Code   RO         1551    .text               c_w.l(exit.o)
    0x0801042a   0x00000030   Code   RO         1499    i.__ARM_fpclassify  m_wm.l(fpclassify.o)
    0x0801045a   0x00000006   PAD
    0x08010460   0x000002e0   Code   RO         1411    i.__hardfp_atan     m_wm.l(atan.o)
    0x08010740   0x000000d8   Code   RO         1425    i.__hardfp_cos      m_wm.l(cos.o)
    0x08010818   0x00000014   Code   RO         1437    i.__hardfp_fabs     m_wm.l(fabs.o)
    0x0801082c   0x00000004   PAD
    0x08010830   0x000000d8   Code   RO         1443    i.__hardfp_sin      m_wm.l(sin.o)
    0x08010908   0x0000007a   Code   RO         1455    i.__hardfp_sqrt     m_wm.l(sqrt.o)
    0x08010982   0x00000006   PAD
    0x08010988   0x00000438   Code   RO         1503    i.__ieee754_rem_pio2  m_wm.l(rred.o)
    0x08010dc0   0x00000170   Code   RO         1494    i.__kernel_cos      m_wm.l(cos_i.o)
    0x08010f30   0x000000f8   Code   RO         1501    i.__kernel_poly     m_wm.l(poly.o)
    0x08011028   0x00000130   Code   RO         1508    i.__kernel_sin      m_wm.l(sin_i.o)
    0x08011158   0x00000020   Code   RO         1497    i.__mathlib_dbl_underflow  m_wm.l(dunder.o)
    0x08011178   0x00000018   Code   RO         1439    i.fabs              m_wm.l(fabs.o)
    0x08011190   0x00000018   Code   RO         1387    x$fpl$basic         fz_wm.l(basic.o)
    0x080111a8   0x00000062   Code   RO         1389    x$fpl$d2f           fz_wm.l(d2f.o)
    0x0801120a   0x00000002   PAD
    0x0801120c   0x00000150   Code   RO         1391    x$fpl$dadd          fz_wm.l(daddsub_clz.o)
    0x0801135c   0x00000018   Code   RO         1477    x$fpl$dcmpinf       fz_wm.l(dcmpi.o)
    0x08011374   0x000002b0   Code   RO         1480    x$fpl$ddiv          fz_wm.l(ddiv.o)
    0x08011624   0x0000005e   Code   RO         1540    x$fpl$dfix          fz_wm.l(dfix.o)
    0x08011682   0x0000002e   Code   RO         1398    x$fpl$dflt          fz_wm.l(dflt_clz.o)
    0x080116b0   0x00000026   Code   RO         1397    x$fpl$dfltu         fz_wm.l(dflt_clz.o)
    0x080116d6   0x00000002   PAD
    0x080116d8   0x00000078   Code   RO         1403    x$fpl$dleqf         fz_wm.l(dleqf.o)
    0x08011750   0x00000154   Code   RO         1405    x$fpl$dmul          fz_wm.l(dmul.o)
    0x080118a4   0x0000009c   Code   RO         1483    x$fpl$dnaninf       fz_wm.l(dnaninf.o)
    0x08011940   0x0000000c   Code   RO         1485    x$fpl$dretinf       fz_wm.l(dretinf.o)
    0x0801194c   0x0000006c   Code   RO         1407    x$fpl$drleqf        fz_wm.l(drleqf.o)
    0x080119b8   0x00000016   Code   RO         1392    x$fpl$drsb          fz_wm.l(daddsub_clz.o)
    0x080119ce   0x00000002   PAD
    0x080119d0   0x00000198   Code   RO         1487    x$fpl$dsqrt         fz_wm.l(dsqrt_umaal.o)
    0x08011b68   0x000001d4   Code   RO         1393    x$fpl$dsub          fz_wm.l(daddsub_clz.o)
    0x08011d3c   0x00000056   Code   RO         1409    x$fpl$f2d           fz_wm.l(f2d.o)
    0x08011d92   0x0000008c   Code   RO         1489    x$fpl$fnaninf       fz_wm.l(fnaninf.o)
    0x08011e1e   0x0000000a   Code   RO         1613    x$fpl$fpinit        fz_wm.l(fpinit.o)
    0x08011e28   0x0000000a   Code   RO         1491    x$fpl$fretinf       fz_wm.l(fretinf.o)
    0x08011e32   0x00000000   Code   RO         1493    x$fpl$usenofp       fz_wm.l(usenofp.o)
    0x08011e32   0x00000002   PAD
    0x08011e34   0x0000001c   Data   RO          587    .constdata          stm32f4xx_fsmc.o
    0x08011e50   0x000017c0   Data   RO         1109    .constdata          lcd.o
    0x08013610   0x00000028   Data   RO         1344    .constdata          c_w.l(_printf_hex_int.o)
    0x08013638   0x00000098   Data   RO         1414    .constdata          m_wm.l(atan.o)
    0x080136d0   0x00000030   Data   RO         1495    .constdata          m_wm.l(cos_i.o)
    0x08013700   0x000000c8   Data   RO         1505    .constdata          m_wm.l(rred.o)
    0x080137c8   0x00000028   Data   RO         1509    .constdata          m_wm.l(sin_i.o)
    0x080137f0   0x00000020   Data   RO         1676    Region$$Table       anon$$obj.o


    Execution Region RW_IRAM1 (Base: 0x20000000, Size: 0x00000970, Max: 0x00020000, ABSOLUTE)

    Base Addr    Size         Type   Attr      Idx    E Section Name        Object

    0x20000000   0x00000014   Data   RW          202    .data               system_stm32f4xx.o
    0x20000014   0x00000010   Data   RW          773    .data               stm32f4xx_rcc.o
    0x20000024   0x00000004   Data   RW          978    .data               delay.o
    0x20000028   0x0000000f   Data   RW         1019    .data               usart.o
    0x20000037   0x00000001   Data   RW         1050    .data               timer.o
    0x20000038   0x00000004   Data   RW         1110    .data               lcd.o
    0x2000003c   0x00000018   Data   RW         1160    .data               control.o
    0x20000054   0x00000009   Data   RW         1244    .data               remote.o
    0x2000005d   0x00000003   PAD
    0x20000060   0x00000258   Zero   RW         1018    .bss                usart.o
    0x200002b8   0x0000000e   Zero   RW         1108    .bss                lcd.o
    0x200002c6   0x00000002   PAD
    0x200002c8   0x00000044   Zero   RW         1159    .bss                control.o
    0x2000030c   0x00000060   Zero   RW         1545    .bss                c_w.l(libspace.o)
    0x2000036c   0x00000004   PAD
    0x20000370   0x00000200   Zero   RW          226    HEAP                startup_stm32f40_41xxx.o
    0x20000570   0x00000400   Zero   RW          225    STACK               startup_stm32f40_41xxx.o


==============================================================================

Image component sizes


      Code (inc. data)   RO Data    RW Data    ZI Data      Debug   Object Name

        64          4          0          0          0        524   beep.o
     24680       1276          0         24         68      21968   control.o
       260          8          0          4          0       1425   delay.o
       360          4          0          0          0       1378   exti.o
       852         50          0          0          0       2177   hctl2020.o
     21644        534       6080          4         14      24062   lcd.o
        64          4          0          0          0        523   led.o
      2832        230          0          0          0     289339   main.o
       224         20          0          0          0     233269   misc.o
       124          4          0          0          0        547   mpu6050.o
      2728         88          0          0          0       7249   pwm.o
       756         30          0          9          0       1782   remote.o
        64         26        392          0       1536        820   startup_stm32f40_41xxx.o
       272         10          0          0          0       2255   stm32f4xx_exti.o
      1480         18         28          0          0       5602   stm32f4xx_fsmc.o
       660         44          0          0          0       4089   stm32f4xx_gpio.o
        26          0          0          0          0       1218   stm32f4xx_it.o
      1628         52          0         16          0      12868   stm32f4xx_rcc.o
       148         12          0          0          0       1841   stm32f4xx_syscfg.o
      3234         60          0          0          0      22292   stm32f4xx_tim.o
      1108         34          0          0          0       7788   stm32f4xx_usart.o
       528         46          0         20          0       1767   system_stm32f4xx.o
       752         46          0          1          0       1836   timer.o
       928         64          0         15        600       4361   usart.o

    ----------------------------------------------------------------------
     65420       2664       6532         96       2220     650980   Object Totals
         0          0         32          0          0          0   (incl. Generated)
         4          0          0          3          2          0   (incl. Padding)

    ----------------------------------------------------------------------

      Code (inc. data)   RO Data    RW Data    ZI Data      Debug   Library Member Name

         8          0          0          0          0         68   __main.o
       104          0          0          0          0         84   __printf.o
        52          8          0          0          0          0   __scatter.o
        26          0          0          0          0          0   __scatter_copy.o
        28          0          0          0          0          0   __scatter_zi.o
        48          6          0          0          0         96   _printf_char_common.o
        36          4          0          0          0         80   _printf_char_file.o
        88          4         40          0          0         88   _printf_hex_int.o
       178          0          0          0          0         88   _printf_intcommon.o
         0          0          0          0          0          0   _printf_percent.o
         4          0          0          0          0          0   _printf_percent_end.o
         6          0          0          0          0          0   _printf_x.o
        22          0          0          0          0        100   _rserrno.o
        12          0          0          0          0         72   exit.o
         8          0          0          0          0         68   ferror.o
         6          0          0          0          0        152   heapauxi.o
         2          0          0          0          0          0   libinit.o
         6          0          0          0          0          0   libinit2.o
         2          0          0          0          0          0   libshutdown.o
         2          0          0          0          0          0   libshutdown2.o
         8          4          0          0         96         68   libspace.o
        24          4          0          0          0         84   noretval__2printf.o
         8          4          0          0          0         68   rt_errno_addr_intlibspace.o
         0          0          0          0          0          0   rtentry.o
        12          0          0          0          0          0   rtentry2.o
         6          0          0          0          0          0   rtentry4.o
         2          0          0          0          0          0   rtexit.o
        10          0          0          0          0          0   rtexit2.o
        74          0          0          0          0         80   sys_stackheap_outer.o
         2          0          0          0          0         68   use_no_semi.o
         2          0          0          0          0         68   use_no_semi_2.o
        24          0          0          0          0        164   basic.o
        98          4          0          0          0        140   d2f.o
       826         16          0          0          0        492   daddsub_clz.o
        24          0          0          0          0        116   dcmpi.o
       688        140          0          0          0        256   ddiv.o
        94          4          0          0          0        140   dfix.o
        84          0          0          0          0        232   dflt_clz.o
       120          4          0          0          0        140   dleqf.o
       340         12          0          0          0        152   dmul.o
       156          4          0          0          0        140   dnaninf.o
        12          0          0          0          0        116   dretinf.o
       108          0          0          0          0        128   drleqf.o
       408         56          0          0          0        168   dsqrt_umaal.o
        86          4          0          0          0        132   f2d.o
       140          4          0          0          0        132   fnaninf.o
        10          0          0          0          0        116   fpinit.o
        10          0          0          0          0        116   fretinf.o
         0          0          0          0          0          0   usenofp.o
       736        104        152          0          0        220   atan.o
       216         16          0          0          0        152   cos.o
       368         46         48          0          0        200   cos_i.o
        32          8          0          0          0        124   dunder.o
        44          0          0          0          0        248   fabs.o
        48          0          0          0          0        124   fpclassify.o
       248          0          0          0          0        152   poly.o
      1080        142        200          0          0        188   rred.o
       216         16          0          0          0        152   sin.o
       304         24         40          0          0        208   sin_i.o
       122          0          0          0          0        148   sqrt.o

    ----------------------------------------------------------------------
      7456        638        480          0        100       6128   Library Totals
        28          0          0          0          4          0   (incl. Padding)

    ----------------------------------------------------------------------

      Code (inc. data)   RO Data    RW Data    ZI Data      Debug   Library Name

       786         34         40          0         96       1332   c_w.l
      3228        248          0          0          0       2880   fz_wm.l
      3414        356        440          0          0       1916   m_wm.l

    ----------------------------------------------------------------------
      7456        638        480          0        100       6128   Library Totals

    ----------------------------------------------------------------------

==============================================================================


      Code (inc. data)   RO Data    RW Data    ZI Data      Debug   

     72876       3302       7012         96       2320     648984   Grand Totals
     72876       3302       7012         96       2320     648984   ELF Image Totals
     72876       3302       7012         96          0          0   ROM Totals

==============================================================================

    Total RO  Size (Code + RO Data)                79888 (  78.02kB)
    Total RW  Size (RW Data + ZI Data)              2416 (   2.36kB)
    Total ROM Size (Code + RO Data + RW Data)      79984 (  78.11kB)

==============================================================================

